================================================================================
模块消融实验 - without_tensor_with_ot
目标域天气: 雨天
训练开始时间: 2026-10-09 11:03:20
设备: cuda
源域: D:\Code\JMDA-Net\Data\晴天
目标域: D:\Code\JMDA-Net\Data\雨天
批次大小: 32
总轮数: 10
迭代次数: 1
使用Tensor模块: 否
使用OT模块: 是
特征融合方式: 通道拼接
域对齐方式: 最优传输
目标标签比例/权重: 1.0/1.0
Tensor/Adv损失权重: 0.0/0.08
学习率: feature=5e-06, other=0.0002, weight_decay=0.0005
报告策略: best, 窗口: 10
================================================================================

================================================================================
迭代 1/1
随机种子: 42
================================================================================
Dataset audit: source_train=760, target_train=96, target_val=26
Class counts (original labels): source={1: 120, 2: 52, 3: 52, 4: 58, 5: 53, 6: 53, 7: 83, 8: 44, 9: 45, 10: 43, 11: 47, 12: 40, 13: 40, 14: 30}; target_train={1: 7, 5: 32, 6: 12, 7: 6, 9: 20, 11: 19}; target_val={1: 2, 5: 8, 6: 4, 7: 2, 9: 5, 11: 5}
Exact VIS/IR pairing audit: source={'union_vis_files': 1136, 'union_ir_files': 966, 'matched_pairs_all': 958, 'selected_phase_pairs': 760, 'dropped_unpaired_vis': 178, 'dropped_unpaired_ir': 8}; target_train={'union_vis_files': 122, 'union_ir_files': 122, 'matched_pairs_all': 122, 'selected_phase_pairs': 96, 'dropped_unpaired_vis': 0, 'dropped_unpaired_ir': 0}; target_val={'union_vis_files': 122, 'union_ir_files': 122, 'matched_pairs_all': 122, 'selected_phase_pairs': 26, 'dropped_unpaired_vis': 0, 'dropped_unpaired_ir': 0}
Training mode: full target-label supervision (class-paired batches).
Training batches per epoch: 6; batch_size=32
Feature fusion: Channel concatenation (512+512); fused_dim=1024
Domain adaptation: Neural OT generator with 3-domain discriminator
Loss weights: tensor=0.00, adv=0.08
Transport: mode=sinkhorn, epsilon=0.1, Sinkhorn iterations=50, correction scale=0.1, correction regularization weight=0.001, class conditional=True
Epoch [1/10] | Loss: 6.2517 (Cls: 6.2346, TAL: 0.0000, Adv: 0.2134, OT-Reg: 0.001594) | OT inner objective: 0.4351 | Marginal residual row/col/max: 1.21e-08/1.33e-08/1.40e-08 | Off-class mass: 0.00e+00 | Train Acc: 0.3490 | Val Acc: 0.2308 | Val P/R/F1 (Macro): 0.2000/0.2500/0.1667 | LR feature/other: 4.88988e-06/0.000195595
  >>> New Best Val Acc: 0.2308
Epoch [2/10] | Loss: 4.2158 (Cls: 4.1992, TAL: 0.0000, Adv: 0.2075, OT-Reg: 0.001778) | OT inner objective: 0.3712 | Marginal residual row/col/max: 1.09e-08/1.12e-08/1.27e-08 | Off-class mass: 0.00e+00 | Train Acc: 0.5729 | Val Acc: 0.2692 | Val P/R/F1 (Macro): 0.0980/0.3333/0.1434 | LR feature/other: 4.57029e-06/0.000182812
  >>> New Best Val Acc: 0.2692
Epoch [3/10] | Loss: 3.2974 (Cls: 3.2828, TAL: 0.0000, Adv: 0.1823, OT-Reg: 0.001814) | OT inner objective: 0.3328 | Marginal residual row/col/max: 9.93e-09/1.40e-08/1.49e-08 | Off-class mass: 0.00e+00 | Train Acc: 0.6771 | Val Acc: 0.3077 | Val P/R/F1 (Macro): 0.2029/0.2292/0.1504 | LR feature/other: 4.07252e-06/0.000162901
  >>> New Best Val Acc: 0.3077
Epoch [4/10] | Loss: 2.9136 (Cls: 2.9000, TAL: 0.0000, Adv: 0.1694, OT-Reg: 0.001695) | OT inner objective: 0.3437 | Marginal residual row/col/max: 1.09e-08/8.69e-09/1.09e-08 | Off-class mass: 0.00e+00 | Train Acc: 0.8333 | Val Acc: 0.4231 | Val P/R/F1 (Macro): 0.2963/0.4167/0.2947 | LR feature/other: 3.44529e-06/0.000137812
  >>> New Best Val Acc: 0.4231
Epoch [5/10] | Loss: 2.7252 (Cls: 2.7120, TAL: 0.0000, Adv: 0.1649, OT-Reg: 0.001752) | OT inner objective: 0.3647 | Marginal residual row/col/max: 1.30e-08/1.30e-08/1.55e-08 | Off-class mass: 0.00e+00 | Train Acc: 0.8698 | Val Acc: 0.6538 | Val P/R/F1 (Macro): 0.6424/0.6083/0.5486 | LR feature/other: 2.75e-06/0.00011
  >>> New Best Val Acc: 0.6538
Epoch [6/10] | Loss: 2.4647 (Cls: 2.4514, TAL: 0.0000, Adv: 0.1671, OT-Reg: 0.001711) | OT inner objective: 0.3534 | Marginal residual row/col/max: 1.15e-08/1.65e-08/1.74e-08 | Off-class mass: 0.00e+00 | Train Acc: 0.9219 | Val Acc: 0.6923 | Val P/R/F1 (Macro): 0.6292/0.6417/0.5846 | LR feature/other: 2.05471e-06/8.21885e-05
  >>> New Best Val Acc: 0.6923
Epoch [7/10] | Loss: 2.3248 (Cls: 2.3113, TAL: 0.0000, Adv: 0.1685, OT-Reg: 0.001853) | OT inner objective: 0.3239 | Marginal residual row/col/max: 1.99e-07/9.62e-09/1.99e-07 | Off-class mass: 0.00e+00 | Train Acc: 0.9635 | Val Acc: 0.7308 | Val P/R/F1 (Macro): 0.6487/0.6625/0.6075 | LR feature/other: 1.42748e-06/5.70993e-05
  >>> New Best Val Acc: 0.7308
Epoch [8/10] | Loss: 2.2217 (Cls: 2.2074, TAL: 0.0000, Adv: 0.1786, OT-Reg: 0.001860) | OT inner objective: 0.3148 | Marginal residual row/col/max: 9.31e-09/1.15e-08/1.18e-08 | Off-class mass: 0.00e+00 | Train Acc: 0.9583 | Val Acc: 0.6923 | Val P/R/F1 (Macro): 0.6593/0.6292/0.5762 | LR feature/other: 9.29712e-07/3.71885e-05
Epoch [9/10] | Loss: 2.2724 (Cls: 2.2542, TAL: 0.0000, Adv: 0.2269, OT-Reg: 0.001873) | OT inner objective: 0.3426 | Marginal residual row/col/max: 2.19e-05/1.06e-08/2.19e-05 | Off-class mass: 0.00e+00 | Train Acc: 0.9688 | Val Acc: 0.6923 | Val P/R/F1 (Macro): 0.6593/0.6292/0.5762 | LR feature/other: 6.10123e-07/2.44049e-05
Epoch [10/10] | Loss: 2.2296 (Cls: 2.2091, TAL: 0.0000, Adv: 0.2561, OT-Reg: 0.001878) | OT inner objective: 0.3243 | Marginal residual row/col/max: 7.41e-05/7.14e-09/7.41e-05 | Off-class mass: 0.00e+00 | Train Acc: 0.9792 | Val Acc: 0.6538 | Val P/R/F1 (Macro): 0.6270/0.5833/0.5397 | LR feature/other: 5e-07/2e-05
Report strategy: best, window=10, reported_acc=0.7308, best_acc=0.7308, selected_epoch=7

迭代 1 报告指标:
  Accuracy: 0.7308
  Precision (Macro): 0.6487
  Recall (Macro): 0.6625
  F1 (Macro): 0.6075
  Precision (Micro): 0.7308
  Recall (Micro): 0.7308
  F1 (Micro): 0.7308
  Val class coverage: 6/14 (0.4286), samples=26

================================================================================
1次迭代统计结果
================================================================================

accuracy:
  各迭代值: ['0.7308']
  均值 (Mean): 0.7308
  标准差 (Std): 0.0000

precision_macro:
  各迭代值: ['0.6487']
  均值 (Mean): 0.6487
  标准差 (Std): 0.0000

recall_macro:
  各迭代值: ['0.6625']
  均值 (Mean): 0.6625
  标准差 (Std): 0.0000

f1_macro:
  各迭代值: ['0.6075']
  均值 (Mean): 0.6075
  标准差 (Std): 0.0000

precision_micro:
  各迭代值: ['0.7308']
  均值 (Mean): 0.7308
  标准差 (Std): 0.0000

recall_micro:
  各迭代值: ['0.7308']
  均值 (Mean): 0.7308
  标准差 (Std): 0.0000

f1_micro:
  各迭代值: ['0.7308']
  均值 (Mean): 0.7308
  标准差 (Std): 0.0000

val_class_coverage:
  各迭代值: ['0.4286']
  均值 (Mean): 0.4286
  标准差 (Std): 0.0000

val_present_classes:
  各迭代值: ['6.0000']
  均值 (Mean): 6.0000
  标准差 (Std): 0.0000

val_total_classes:
  各迭代值: ['14.0000']
  均值 (Mean): 14.0000
  标准差 (Std): 0.0000

val_samples:
  各迭代值: ['26.0000']
  均值 (Mean): 26.0000
  标准差 (Std): 0.0000

训练结束时间: 2026-10-09 11:13:02
================================================================================
