================================================================================
模块消融实验 - with_tensor_with_ot
目标域天气: 雨天
训练开始时间: 2026-10-09 10:30:50
设备: cuda
源域: D:\Code\JMDA-Net\Data\晴天
目标域: D:\Code\JMDA-Net\Data\雨天
批次大小: 32
总轮数: 10
迭代次数: 1
使用Tensor模块: 是
使用OT模块: 是
特征融合方式: Tensor对齐
域对齐方式: 最优传输
目标标签比例/权重: 1.0/1.0
Tensor/Adv损失权重: 0.12/0.08
Tensor投影维度/更新: 64/每epoch一次; SVD统计批次=32
学习率: feature=5e-06, other=0.0002, weight_decay=0.0005
报告策略: best, 窗口: 10
================================================================================

================================================================================
迭代 1/1
随机种子: 42
================================================================================
Dataset audit: source_train=760, target_train=96, target_val=26
Class counts (original labels): source={1: 120, 2: 52, 3: 52, 4: 58, 5: 53, 6: 53, 7: 83, 8: 44, 9: 45, 10: 43, 11: 47, 12: 40, 13: 40, 14: 30}; target_train={1: 7, 5: 32, 6: 12, 7: 6, 9: 20, 11: 19}; target_val={1: 2, 5: 8, 6: 4, 7: 2, 9: 5, 11: 5}
Exact VIS/IR pairing audit: source={'union_vis_files': 1136, 'union_ir_files': 966, 'matched_pairs_all': 958, 'selected_phase_pairs': 760, 'dropped_unpaired_vis': 178, 'dropped_unpaired_ir': 8}; target_train={'union_vis_files': 122, 'union_ir_files': 122, 'matched_pairs_all': 122, 'selected_phase_pairs': 96, 'dropped_unpaired_vis': 0, 'dropped_unpaired_ir': 0}; target_val={'union_vis_files': 122, 'union_ir_files': 122, 'matched_pairs_all': 122, 'selected_phase_pairs': 26, 'dropped_unpaired_vis': 0, 'dropped_unpaired_ir': 0}
Training mode: full target-label supervision (class-paired batches).
Training batches per epoch: 6; batch_size=32
Feature fusion: Tensor alignment (512+512 -> 64+64); fused_dim=128
Domain adaptation: Neural OT generator with 3-domain discriminator
Loss weights: tensor=0.12, adv=0.08
Transport: mode=sinkhorn, epsilon=0.1, Sinkhorn iterations=50, correction scale=0.1, correction regularization weight=0.001, class conditional=True
Tensor projection update: once per epoch from the complete target-training pairing bank; projection_dim=64, max_sweeps=10, relative singular-value tolerance=0.001
Epoch [1/10] | SVD update #1: pairs=192, sweeps=10, converged=True, rel_change=7.526e-04, effective_ranks=(95, 92), class_paired=True, class_balanced=True
Epoch [1/10] | Loss: 7.5854 (Cls: 7.5644, TAL: -0.0014, Adv: 0.2642, OT-Reg: 0.000627) | OT inner objective: 0.4312 | Marginal residual row/col/max: 1.02e-08/9.62e-09/1.09e-08 | Off-class mass: 0.00e+00 | Train Acc: 0.2552 | Val Acc: 0.1923 | Val P/R/F1 (Macro): 0.0905/0.1833/0.1125 | LR feature/other: 4.88988e-06/0.000195595
  >>> New Best Val Acc: 0.1923
Epoch [2/10] | SVD update #2: pairs=192, sweeps=4, converged=True, rel_change=1.911e-05, effective_ranks=(95, 67), class_paired=True, class_balanced=True, basis_overlap_src/tgt=0.451/0.416, basis_nonorth=7.170e-01
Epoch [2/10] | Loss: 5.6691 (Cls: 5.6681, TAL: -0.1180, Adv: 0.1895, OT-Reg: 0.000696) | OT inner objective: 0.3897 | Marginal residual row/col/max: 1.09e-08/9.31e-09/1.12e-08 | Off-class mass: 0.00e+00 | Train Acc: 0.4531 | Val Acc: 0.3077 | Val P/R/F1 (Macro): 0.3095/0.3833/0.2957 | LR feature/other: 4.57029e-06/0.000182812
  >>> New Best Val Acc: 0.3077
Epoch [3/10] | SVD update #3: pairs=192, sweeps=10, converged=False, rel_change=5.865e-01, effective_ranks=(95, 63), class_paired=True, class_balanced=True, basis_overlap_src/tgt=0.602/0.593, basis_nonorth=9.248e-01
Epoch [3/10] | Loss: 5.4344 (Cls: 5.4094, TAL: 0.0468, Adv: 0.2413, OT-Reg: 0.000687) | OT inner objective: 0.4621 | Marginal residual row/col/max: 1.27e-08/1.09e-08/1.33e-08 | Off-class mass: 0.00e+00 | Train Acc: 0.4167 | Val Acc: 0.1923 | Val P/R/F1 (Macro): 0.1029/0.2667/0.1260 | LR feature/other: 4.07252e-06/0.000162901
Epoch [4/10] | SVD update #4: pairs=192, sweeps=5, converged=True, rel_change=3.817e-04, effective_ranks=(95, 59), class_paired=True, class_balanced=True, basis_overlap_src/tgt=0.622/0.625, basis_nonorth=9.251e-01
Epoch [4/10] | Loss: 3.9819 (Cls: 3.9570, TAL: 0.0017, Adv: 0.3088, OT-Reg: 0.000687) | OT inner objective: 0.3160 | Marginal residual row/col/max: 1.09e-08/1.18e-08/1.18e-08 | Off-class mass: 0.00e+00 | Train Acc: 0.6927 | Val Acc: 0.3077 | Val P/R/F1 (Macro): 0.2459/0.3750/0.2815 | LR feature/other: 3.44529e-06/0.000137812
Epoch [5/10] | SVD update #5: pairs=192, sweeps=10, converged=False, rel_change=1.793e-01, effective_ranks=(95, 52), class_paired=True, class_balanced=True, basis_overlap_src/tgt=0.651/0.661, basis_nonorth=5.816e-01
Epoch [5/10] | Loss: 3.1399 (Cls: 3.1070, TAL: -0.0048, Adv: 0.4173, OT-Reg: 0.000631) | OT inner objective: 0.4392 | Marginal residual row/col/max: 1.09e-08/1.12e-08/1.18e-08 | Off-class mass: 0.00e+00 | Train Acc: 0.7708 | Val Acc: 0.3462 | Val P/R/F1 (Macro): 0.1870/0.4167/0.2560 | LR feature/other: 2.75e-06/0.00011
  >>> New Best Val Acc: 0.3462
Epoch [6/10] | SVD update #6: pairs=192, sweeps=10, converged=False, rel_change=4.465e-01, effective_ranks=(95, 57), class_paired=True, class_balanced=True, basis_overlap_src/tgt=0.598/0.656, basis_nonorth=8.394e-01
Epoch [6/10] | Loss: 3.9310 (Cls: 3.8720, TAL: 0.1679, Adv: 0.4856, OT-Reg: 0.000769) | OT inner objective: 0.4821 | Marginal residual row/col/max: 1.43e-08/1.86e-08/2.11e-08 | Off-class mass: 0.00e+00 | Train Acc: 0.7240 | Val Acc: 0.4615 | Val P/R/F1 (Macro): 0.4583/0.5250/0.4355 | LR feature/other: 2.05471e-06/8.21885e-05
  >>> New Best Val Acc: 0.4615
Epoch [7/10] | SVD update #7: pairs=192, sweeps=10, converged=False, rel_change=2.801e-01, effective_ranks=(95, 33), class_paired=True, class_balanced=True, basis_overlap_src/tgt=0.622/0.684, basis_nonorth=8.476e-01
Epoch [7/10] | Loss: 4.9519 (Cls: 4.9234, TAL: -0.0529, Adv: 0.4350, OT-Reg: 0.000313) | OT inner objective: 0.3914 | Marginal residual row/col/max: 2.20e-07/1.55e-08/2.21e-07 | Off-class mass: 0.00e+00 | Train Acc: 0.6146 | Val Acc: 0.5769 | Val P/R/F1 (Macro): 0.4805/0.4875/0.4341 | LR feature/other: 1.42748e-06/5.70993e-05
  >>> New Best Val Acc: 0.5769
Epoch [8/10] | SVD update #8: pairs=192, sweeps=10, converged=False, rel_change=6.162e-02, effective_ranks=(95, 31), class_paired=True, class_balanced=True, basis_overlap_src/tgt=0.655/0.690, basis_nonorth=7.855e-01
Epoch [8/10] | Loss: 3.5916 (Cls: 3.5590, TAL: -0.0589, Adv: 0.4955, OT-Reg: 0.000368) | OT inner objective: 0.3946 | Marginal residual row/col/max: 1.12e-08/1.46e-08/1.46e-08 | Off-class mass: 0.00e+00 | Train Acc: 0.7396 | Val Acc: 0.5385 | Val P/R/F1 (Macro): 0.5694/0.5583/0.4647 | LR feature/other: 9.29712e-07/3.71885e-05
Epoch [9/10] | SVD update #9: pairs=192, sweeps=10, converged=False, rel_change=6.460e-02, effective_ranks=(95, 42), class_paired=True, class_balanced=True, basis_overlap_src/tgt=0.683/0.754, basis_nonorth=6.683e-01
Epoch [9/10] | Loss: 2.8957 (Cls: 2.8830, TAL: -0.1876, Adv: 0.4398, OT-Reg: 0.000090) | OT inner objective: 0.1990 | Marginal residual row/col/max: 1.19e-06/1.49e-08/1.20e-06 | Off-class mass: 0.00e+00 | Train Acc: 0.8594 | Val Acc: 0.4615 | Val P/R/F1 (Macro): 0.3750/0.5250/0.3730 | LR feature/other: 6.10123e-07/2.44049e-05
Epoch [10/10] | SVD update #10: pairs=192, sweeps=7, converged=True, rel_change=2.822e-04, effective_ranks=(95, 39), class_paired=True, class_balanced=True, basis_overlap_src/tgt=0.779/0.814, basis_nonorth=4.311e-01
Epoch [10/10] | Loss: 2.5089 (Cls: 2.4961, TAL: -0.1646, Adv: 0.4062, OT-Reg: 0.000037) | OT inner objective: 0.3458 | Marginal residual row/col/max: 1.27e-08/1.89e-08/1.89e-08 | Off-class mass: 0.00e+00 | Train Acc: 0.9062 | Val Acc: 0.6154 | Val P/R/F1 (Macro): 0.7431/0.7458/0.6402 | LR feature/other: 5e-07/2e-05
  >>> New Best Val Acc: 0.6154
Report strategy: best, window=10, reported_acc=0.6154, best_acc=0.6154, selected_epoch=10

迭代 1 报告指标:
  Accuracy: 0.6154
  Precision (Macro): 0.7431
  Recall (Macro): 0.7458
  F1 (Macro): 0.6402
  Precision (Micro): 0.6154
  Recall (Micro): 0.6154
  F1 (Micro): 0.6154
  Val class coverage: 6/14 (0.4286), samples=26

================================================================================
1次迭代统计结果
================================================================================

accuracy:
  各迭代值: ['0.6154']
  均值 (Mean): 0.6154
  标准差 (Std): 0.0000

precision_macro:
  各迭代值: ['0.7431']
  均值 (Mean): 0.7431
  标准差 (Std): 0.0000

recall_macro:
  各迭代值: ['0.7458']
  均值 (Mean): 0.7458
  标准差 (Std): 0.0000

f1_macro:
  各迭代值: ['0.6402']
  均值 (Mean): 0.6402
  标准差 (Std): 0.0000

precision_micro:
  各迭代值: ['0.6154']
  均值 (Mean): 0.6154
  标准差 (Std): 0.0000

recall_micro:
  各迭代值: ['0.6154']
  均值 (Mean): 0.6154
  标准差 (Std): 0.0000

f1_micro:
  各迭代值: ['0.6154']
  均值 (Mean): 0.6154
  标准差 (Std): 0.0000

val_class_coverage:
  各迭代值: ['0.4286']
  均值 (Mean): 0.4286
  标准差 (Std): 0.0000

val_present_classes:
  各迭代值: ['6.0000']
  均值 (Mean): 6.0000
  标准差 (Std): 0.0000

val_total_classes:
  各迭代值: ['14.0000']
  均值 (Mean): 14.0000
  标准差 (Std): 0.0000

val_samples:
  各迭代值: ['26.0000']
  均值 (Mean): 26.0000
  标准差 (Std): 0.0000

训练结束时间: 2026-10-09 10:38:56
================================================================================
