================================================================================
单模态消融实验 - IR
目标域天气: 雨天
训练开始时间: 2026-08-11 18:16:20
设备: cuda
模态: ir
源域: /home/lixiang/lx/Data/晴天
目标域: /home/lixiang/lx/Data/雨天
批次大小: 32
总轮数: 100
迭代次数: 5
特征维度: 512
域适应: 禁用
报告策略: best_window, 窗口: 3
源/目标分类损失权重: 1.0/1.0, 目标标签比例: 1.0
对抗损失权重: 0.0
================================================================================

================================================================================
迭代 1/5
随机种子: 42
================================================================================
Target active-class restriction: original_labels=[1, 5, 6, 7, 9, 11], classifier_indices=[0, 4, 5, 6, 8, 10], active/total=6/14
Training mode: unpaired target adaptation with controlled target-label loss (ratio=1.00, weight=1.00).
Fixed labeled target subset: 96/96 samples.
Epoch [1/100] | Loss: 3.5454 (Cls: 3.5454) | Train Acc: 0.3008 | Val Acc: 0.1923 | Val P/R/F1 (Macro): 0.0321/0.1667/0.0538 | LR: 0.000100
  >>> New Best Val Acc: 0.1923
Epoch [2/100] | Loss: 2.7761 (Cls: 2.7761) | Train Acc: 0.4492 | Val Acc: 0.1923 | Val P/R/F1 (Macro): 0.0321/0.1667/0.0538 | LR: 0.000100
Epoch [3/100] | Loss: 2.3513 (Cls: 2.3513) | Train Acc: 0.5820 | Val Acc: 0.1923 | Val P/R/F1 (Macro): 0.0321/0.1667/0.0538 | LR: 0.000100
Epoch [4/100] | Loss: 2.0217 (Cls: 2.0217) | Train Acc: 0.6758 | Val Acc: 0.3077 | Val P/R/F1 (Macro): 0.1153/0.2667/0.1528 | LR: 0.000100
  >>> New Best Val Acc: 0.3077
Epoch [5/100] | Loss: 1.8602 (Cls: 1.8602) | Train Acc: 0.6992 | Val Acc: 0.6154 | Val P/R/F1 (Macro): 0.5085/0.5167/0.4795 | LR: 0.000100
  >>> New Best Val Acc: 0.6154
Epoch [6/100] | Loss: 1.7934 (Cls: 1.7934) | Train Acc: 0.7500 | Val Acc: 0.5769 | Val P/R/F1 (Macro): 0.6151/0.5167/0.5016 | LR: 0.000100
Epoch [7/100] | Loss: 1.6674 (Cls: 1.6674) | Train Acc: 0.7930 | Val Acc: 0.6538 | Val P/R/F1 (Macro): 0.5308/0.5500/0.5000 | LR: 0.000100
  >>> New Best Val Acc: 0.6538
Epoch [8/100] | Loss: 1.5278 (Cls: 1.5278) | Train Acc: 0.8320 | Val Acc: 0.5769 | Val P/R/F1 (Macro): 0.5521/0.4750/0.4583 | LR: 0.000100
Epoch [9/100] | Loss: 1.4879 (Cls: 1.4879) | Train Acc: 0.8672 | Val Acc: 0.5385 | Val P/R/F1 (Macro): 0.5521/0.4333/0.4266 | LR: 0.000100
Epoch [10/100] | Loss: 1.3594 (Cls: 1.3594) | Train Acc: 0.8711 | Val Acc: 0.5000 | Val P/R/F1 (Macro): 0.5741/0.6167/0.4915 | LR: 0.000100
Epoch [11/100] | Loss: 1.4947 (Cls: 1.4947) | Train Acc: 0.8438 | Val Acc: 0.4231 | Val P/R/F1 (Macro): 0.3722/0.3042/0.3032 | LR: 0.000100
Epoch [12/100] | Loss: 1.5416 (Cls: 1.5416) | Train Acc: 0.8203 | Val Acc: 0.3462 | Val P/R/F1 (Macro): 0.4173/0.3875/0.2944 | LR: 0.000100
Epoch [13/100] | Loss: 1.3162 (Cls: 1.3162) | Train Acc: 0.9062 | Val Acc: 0.6538 | Val P/R/F1 (Macro): 0.6474/0.6000/0.5787 | LR: 0.000100
Epoch [14/100] | Loss: 1.2046 (Cls: 1.2046) | Train Acc: 0.9180 | Val Acc: 0.5385 | Val P/R/F1 (Macro): 0.6151/0.5333/0.4830 | LR: 0.000100
Epoch [15/100] | Loss: 1.2147 (Cls: 1.2147) | Train Acc: 0.8789 | Val Acc: 0.5000 | Val P/R/F1 (Macro): 0.5419/0.4625/0.4216 | LR: 0.000100
Epoch [16/100] | Loss: 1.3901 (Cls: 1.3901) | Train Acc: 0.8516 | Val Acc: 0.3846 | Val P/R/F1 (Macro): 0.4759/0.4292/0.3369 | LR: 0.000100
Epoch [17/100] | Loss: 1.2633 (Cls: 1.2633) | Train Acc: 0.9102 | Val Acc: 0.3846 | Val P/R/F1 (Macro): 0.4605/0.3042/0.2715 | LR: 0.000100
Epoch [18/100] | Loss: 1.2302 (Cls: 1.2302) | Train Acc: 0.8984 | Val Acc: 0.5385 | Val P/R/F1 (Macro): 0.5668/0.5542/0.4848 | LR: 0.000050
Epoch [19/100] | Loss: 1.1415 (Cls: 1.1415) | Train Acc: 0.9258 | Val Acc: 0.5385 | Val P/R/F1 (Macro): 0.4389/0.4667/0.4111 | LR: 0.000050
Epoch [20/100] | Loss: 1.1334 (Cls: 1.1334) | Train Acc: 0.9141 | Val Acc: 0.6154 | Val P/R/F1 (Macro): 0.5917/0.5792/0.5288 | LR: 0.000050
Epoch [21/100] | Loss: 1.1147 (Cls: 1.1147) | Train Acc: 0.9375 | Val Acc: 0.6538 | Val P/R/F1 (Macro): 0.6474/0.5708/0.5634 | LR: 0.000050
Epoch [22/100] | Loss: 1.0719 (Cls: 1.0719) | Train Acc: 0.9453 | Val Acc: 0.4615 | Val P/R/F1 (Macro): 0.5440/0.4667/0.3994 | LR: 0.000050
Epoch [23/100] | Loss: 1.0723 (Cls: 1.0723) | Train Acc: 0.9453 | Val Acc: 0.5385 | Val P/R/F1 (Macro): 0.6012/0.4750/0.4461 | LR: 0.000050
Epoch [24/100] | Loss: 1.0747 (Cls: 1.0747) | Train Acc: 0.9414 | Val Acc: 0.5385 | Val P/R/F1 (Macro): 0.4808/0.4500/0.3981 | LR: 0.000050
Epoch [25/100] | Loss: 1.0470 (Cls: 1.0470) | Train Acc: 0.9609 | Val Acc: 0.5769 | Val P/R/F1 (Macro): 0.5694/0.5583/0.4897 | LR: 0.000050
Epoch [26/100] | Loss: 1.1041 (Cls: 1.1041) | Train Acc: 0.9297 | Val Acc: 0.4615 | Val P/R/F1 (Macro): 0.5308/0.4625/0.3836 | LR: 0.000050
Epoch [27/100] | Loss: 1.1432 (Cls: 1.1432) | Train Acc: 0.9141 | Val Acc: 0.6154 | Val P/R/F1 (Macro): 0.5917/0.6167/0.5418 | LR: 0.000050
Early stopping: no validation improvement for 20 epochs.
Report strategy: best_window, window=3, reported_acc=0.6154, best_acc=0.6538

迭代 1 报告指标:
  Accuracy: 0.6154
  Precision (Macro): 0.5515
  Recall (Macro): 0.5278
  F1 (Macro): 0.4937
  Precision (Micro): 0.6154
  Recall (Micro): 0.6154
  F1 (Micro): 0.6154
  Val class coverage: 6/14 (0.4286), samples=26

================================================================================
迭代 2/5
随机种子: 43
================================================================================
Target active-class restriction: original_labels=[1, 5, 6, 7, 9, 11], classifier_indices=[0, 4, 5, 6, 8, 10], active/total=6/14
Training mode: unpaired target adaptation with controlled target-label loss (ratio=1.00, weight=1.00).
Fixed labeled target subset: 96/96 samples.
Epoch [1/100] | Loss: 3.3121 (Cls: 3.3121) | Train Acc: 0.3047 | Val Acc: 0.0769 | Val P/R/F1 (Macro): 0.0196/0.1667/0.0351 | LR: 0.000100
  >>> New Best Val Acc: 0.0769
Epoch [2/100] | Loss: 2.5667 (Cls: 2.5667) | Train Acc: 0.5039 | Val Acc: 0.1923 | Val P/R/F1 (Macro): 0.0321/0.1667/0.0538 | LR: 0.000100
  >>> New Best Val Acc: 0.1923
Epoch [3/100] | Loss: 2.4144 (Cls: 2.4144) | Train Acc: 0.5273 | Val Acc: 0.1923 | Val P/R/F1 (Macro): 0.0333/0.1667/0.0556 | LR: 0.000100
Epoch [4/100] | Loss: 2.4213 (Cls: 2.4213) | Train Acc: 0.4492 | Val Acc: 0.3462 | Val P/R/F1 (Macro): 0.2296/0.2625/0.1970 | LR: 0.000100
  >>> New Best Val Acc: 0.3462
Epoch [5/100] | Loss: 2.1240 (Cls: 2.1240) | Train Acc: 0.6406 | Val Acc: 0.3846 | Val P/R/F1 (Macro): 0.1989/0.3833/0.2384 | LR: 0.000100
  >>> New Best Val Acc: 0.3846
Epoch [6/100] | Loss: 1.8423 (Cls: 1.8423) | Train Acc: 0.7266 | Val Acc: 0.3846 | Val P/R/F1 (Macro): 0.3722/0.4417/0.3359 | LR: 0.000100
Epoch [7/100] | Loss: 1.7009 (Cls: 1.7009) | Train Acc: 0.7500 | Val Acc: 0.5000 | Val P/R/F1 (Macro): 0.4633/0.5542/0.4161 | LR: 0.000100
  >>> New Best Val Acc: 0.5000
Epoch [8/100] | Loss: 1.6967 (Cls: 1.6967) | Train Acc: 0.7852 | Val Acc: 0.4231 | Val P/R/F1 (Macro): 0.3222/0.3917/0.3106 | LR: 0.000100
Epoch [9/100] | Loss: 1.5238 (Cls: 1.5238) | Train Acc: 0.8203 | Val Acc: 0.4615 | Val P/R/F1 (Macro): 0.3889/0.4167/0.3563 | LR: 0.000100
Epoch [10/100] | Loss: 1.3951 (Cls: 1.3951) | Train Acc: 0.8477 | Val Acc: 0.5769 | Val P/R/F1 (Macro): 0.5675/0.5833/0.5000 | LR: 0.000100
  >>> New Best Val Acc: 0.5769
Epoch [11/100] | Loss: 1.4760 (Cls: 1.4760) | Train Acc: 0.8320 | Val Acc: 0.3462 | Val P/R/F1 (Macro): 0.2844/0.3500/0.2669 | LR: 0.000100
Epoch [12/100] | Loss: 1.3014 (Cls: 1.3014) | Train Acc: 0.8594 | Val Acc: 0.4231 | Val P/R/F1 (Macro): 0.4611/0.3875/0.3374 | LR: 0.000100
Epoch [13/100] | Loss: 1.2489 (Cls: 1.2489) | Train Acc: 0.8906 | Val Acc: 0.4231 | Val P/R/F1 (Macro): 0.4778/0.4583/0.3645 | LR: 0.000100
Epoch [14/100] | Loss: 1.2619 (Cls: 1.2619) | Train Acc: 0.9102 | Val Acc: 0.5385 | Val P/R/F1 (Macro): 0.5641/0.4917/0.4529 | LR: 0.000100
Epoch [15/100] | Loss: 1.3722 (Cls: 1.3722) | Train Acc: 0.8359 | Val Acc: 0.4615 | Val P/R/F1 (Macro): 0.3981/0.4500/0.3225 | LR: 0.000100
Epoch [16/100] | Loss: 1.3037 (Cls: 1.3037) | Train Acc: 0.8789 | Val Acc: 0.3462 | Val P/R/F1 (Macro): 0.2919/0.3667/0.2787 | LR: 0.000100
Epoch [17/100] | Loss: 1.2112 (Cls: 1.2112) | Train Acc: 0.8945 | Val Acc: 0.3462 | Val P/R/F1 (Macro): 0.3762/0.3042/0.2507 | LR: 0.000100
Epoch [18/100] | Loss: 1.2186 (Cls: 1.2186) | Train Acc: 0.8984 | Val Acc: 0.4615 | Val P/R/F1 (Macro): 0.4762/0.3917/0.3627 | LR: 0.000100
Epoch [19/100] | Loss: 1.2222 (Cls: 1.2222) | Train Acc: 0.9180 | Val Acc: 0.2692 | Val P/R/F1 (Macro): 0.2383/0.2708/0.1481 | LR: 0.000100
Epoch [20/100] | Loss: 1.1620 (Cls: 1.1620) | Train Acc: 0.9023 | Val Acc: 0.6538 | Val P/R/F1 (Macro): 0.6121/0.6375/0.5449 | LR: 0.000100
  >>> New Best Val Acc: 0.6538
Epoch [21/100] | Loss: 1.1747 (Cls: 1.1747) | Train Acc: 0.9336 | Val Acc: 0.5769 | Val P/R/F1 (Macro): 0.6151/0.5167/0.5016 | LR: 0.000100
Epoch [22/100] | Loss: 1.1781 (Cls: 1.1781) | Train Acc: 0.9180 | Val Acc: 0.4615 | Val P/R/F1 (Macro): 0.5437/0.4708/0.3682 | LR: 0.000100
Epoch [23/100] | Loss: 1.1220 (Cls: 1.1220) | Train Acc: 0.9297 | Val Acc: 0.6154 | Val P/R/F1 (Macro): 0.5641/0.5167/0.4954 | LR: 0.000100
Epoch [24/100] | Loss: 1.1969 (Cls: 1.1969) | Train Acc: 0.9141 | Val Acc: 0.5000 | Val P/R/F1 (Macro): 0.5051/0.5042/0.4302 | LR: 0.000100
Epoch [25/100] | Loss: 1.1674 (Cls: 1.1674) | Train Acc: 0.9023 | Val Acc: 0.3846 | Val P/R/F1 (Macro): 0.3472/0.2833/0.2488 | LR: 0.000100
Epoch [26/100] | Loss: 1.0711 (Cls: 1.0711) | Train Acc: 0.9531 | Val Acc: 0.5000 | Val P/R/F1 (Macro): 0.5513/0.5292/0.4505 | LR: 0.000100
Epoch [27/100] | Loss: 1.1479 (Cls: 1.1479) | Train Acc: 0.8945 | Val Acc: 0.3462 | Val P/R/F1 (Macro): 0.1687/0.3500/0.2222 | LR: 0.000100
Epoch [28/100] | Loss: 1.1381 (Cls: 1.1381) | Train Acc: 0.9219 | Val Acc: 0.5385 | Val P/R/F1 (Macro): 0.5974/0.5250/0.4523 | LR: 0.000100
Epoch [29/100] | Loss: 1.1118 (Cls: 1.1118) | Train Acc: 0.9375 | Val Acc: 0.5385 | Val P/R/F1 (Macro): 0.4965/0.4917/0.4111 | LR: 0.000100
Epoch [30/100] | Loss: 1.0985 (Cls: 1.0985) | Train Acc: 0.9531 | Val Acc: 0.6154 | Val P/R/F1 (Macro): 0.5690/0.6042/0.5126 | LR: 0.000100
Epoch [31/100] | Loss: 1.0483 (Cls: 1.0483) | Train Acc: 0.9414 | Val Acc: 0.4231 | Val P/R/F1 (Macro): 0.4333/0.4167/0.3167 | LR: 0.000050
Epoch [32/100] | Loss: 1.0072 (Cls: 1.0072) | Train Acc: 0.9688 | Val Acc: 0.5000 | Val P/R/F1 (Macro): 0.6023/0.5000/0.4278 | LR: 0.000050
Epoch [33/100] | Loss: 0.9824 (Cls: 0.9824) | Train Acc: 0.9688 | Val Acc: 0.3846 | Val P/R/F1 (Macro): 0.4935/0.3667/0.3123 | LR: 0.000050
Epoch [34/100] | Loss: 0.9961 (Cls: 0.9961) | Train Acc: 0.9727 | Val Acc: 0.5385 | Val P/R/F1 (Macro): 0.5972/0.4750/0.4425 | LR: 0.000050
Epoch [35/100] | Loss: 0.9922 (Cls: 0.9922) | Train Acc: 0.9688 | Val Acc: 0.3846 | Val P/R/F1 (Macro): 0.3824/0.2833/0.2424 | LR: 0.000050
Epoch [36/100] | Loss: 1.0023 (Cls: 1.0023) | Train Acc: 0.9688 | Val Acc: 0.5769 | Val P/R/F1 (Macro): 0.6151/0.5333/0.4877 | LR: 0.000050
Epoch [37/100] | Loss: 1.0110 (Cls: 1.0110) | Train Acc: 0.9648 | Val Acc: 0.5000 | Val P/R/F1 (Macro): 0.5873/0.4917/0.4163 | LR: 0.000050
Epoch [38/100] | Loss: 0.9925 (Cls: 0.9925) | Train Acc: 0.9766 | Val Acc: 0.5385 | Val P/R/F1 (Macro): 0.5536/0.5375/0.4480 | LR: 0.000050
Epoch [39/100] | Loss: 0.9886 (Cls: 0.9886) | Train Acc: 0.9609 | Val Acc: 0.5000 | Val P/R/F1 (Macro): 0.5595/0.4000/0.4052 | LR: 0.000050
Epoch [40/100] | Loss: 0.9736 (Cls: 0.9736) | Train Acc: 0.9766 | Val Acc: 0.4615 | Val P/R/F1 (Macro): 0.5179/0.3875/0.3592 | LR: 0.000050
Early stopping: no validation improvement for 20 epochs.
Report strategy: best_window, window=3, reported_acc=0.5641, best_acc=0.6538

迭代 2 报告指标:
  Accuracy: 0.5641
  Precision (Macro): 0.5903
  Recall (Macro): 0.5417
  F1 (Macro): 0.4716
  Precision (Micro): 0.5641
  Recall (Micro): 0.5641
  F1 (Micro): 0.5641
  Val class coverage: 6/14 (0.4286), samples=26

================================================================================
迭代 3/5
随机种子: 44
================================================================================
Target active-class restriction: original_labels=[1, 5, 6, 7, 9, 11], classifier_indices=[0, 4, 5, 6, 8, 10], active/total=6/14
Training mode: unpaired target adaptation with controlled target-label loss (ratio=1.00, weight=1.00).
Fixed labeled target subset: 96/96 samples.
Epoch [1/100] | Loss: 3.4107 (Cls: 3.4107) | Train Acc: 0.3281 | Val Acc: 0.1923 | Val P/R/F1 (Macro): 0.0321/0.1667/0.0538 | LR: 0.000100
  >>> New Best Val Acc: 0.1923
Epoch [2/100] | Loss: 2.6217 (Cls: 2.6217) | Train Acc: 0.4805 | Val Acc: 0.1923 | Val P/R/F1 (Macro): 0.0333/0.1667/0.0556 | LR: 0.000100
Epoch [3/100] | Loss: 2.2158 (Cls: 2.2158) | Train Acc: 0.5664 | Val Acc: 0.1923 | Val P/R/F1 (Macro): 0.0347/0.1667/0.0575 | LR: 0.000100
Epoch [4/100] | Loss: 2.2628 (Cls: 2.2628) | Train Acc: 0.6172 | Val Acc: 0.3846 | Val P/R/F1 (Macro): 0.2863/0.2917/0.2259 | LR: 0.000100
  >>> New Best Val Acc: 0.3846
Epoch [5/100] | Loss: 2.0491 (Cls: 2.0491) | Train Acc: 0.6680 | Val Acc: 0.2692 | Val P/R/F1 (Macro): 0.2480/0.2208/0.1382 | LR: 0.000100
Epoch [6/100] | Loss: 1.8780 (Cls: 1.8780) | Train Acc: 0.6953 | Val Acc: 0.3462 | Val P/R/F1 (Macro): 0.2324/0.2625/0.2003 | LR: 0.000100
Epoch [7/100] | Loss: 1.6618 (Cls: 1.6618) | Train Acc: 0.8047 | Val Acc: 0.5000 | Val P/R/F1 (Macro): 0.3341/0.5292/0.3840 | LR: 0.000100
  >>> New Best Val Acc: 0.5000
Epoch [8/100] | Loss: 1.5007 (Cls: 1.5007) | Train Acc: 0.8203 | Val Acc: 0.3462 | Val P/R/F1 (Macro): 0.2939/0.2708/0.2159 | LR: 0.000100
Epoch [9/100] | Loss: 1.4409 (Cls: 1.4409) | Train Acc: 0.8281 | Val Acc: 0.4615 | Val P/R/F1 (Macro): 0.4583/0.5708/0.4609 | LR: 0.000100
Epoch [10/100] | Loss: 1.4499 (Cls: 1.4499) | Train Acc: 0.7852 | Val Acc: 0.6154 | Val P/R/F1 (Macro): 0.5639/0.5542/0.4894 | LR: 0.000100
  >>> New Best Val Acc: 0.6154
Epoch [11/100] | Loss: 1.4321 (Cls: 1.4321) | Train Acc: 0.8594 | Val Acc: 0.3077 | Val P/R/F1 (Macro): 0.2587/0.3417/0.2074 | LR: 0.000100
Epoch [12/100] | Loss: 1.5488 (Cls: 1.5488) | Train Acc: 0.8242 | Val Acc: 0.3462 | Val P/R/F1 (Macro): 0.2108/0.3750/0.2140 | LR: 0.000100
Epoch [13/100] | Loss: 1.4427 (Cls: 1.4427) | Train Acc: 0.8125 | Val Acc: 0.4615 | Val P/R/F1 (Macro): 0.3583/0.4875/0.3639 | LR: 0.000100
Epoch [14/100] | Loss: 1.3157 (Cls: 1.3157) | Train Acc: 0.8867 | Val Acc: 0.4615 | Val P/R/F1 (Macro): 0.3373/0.3750/0.3258 | LR: 0.000100
Epoch [15/100] | Loss: 1.3093 (Cls: 1.3093) | Train Acc: 0.8945 | Val Acc: 0.3846 | Val P/R/F1 (Macro): 0.3021/0.4167/0.2987 | LR: 0.000100
Epoch [16/100] | Loss: 1.2777 (Cls: 1.2777) | Train Acc: 0.8867 | Val Acc: 0.4615 | Val P/R/F1 (Macro): 0.3373/0.3750/0.3258 | LR: 0.000100
Epoch [17/100] | Loss: 1.3023 (Cls: 1.3023) | Train Acc: 0.8750 | Val Acc: 0.5385 | Val P/R/F1 (Macro): 0.5472/0.6125/0.5148 | LR: 0.000100
Epoch [18/100] | Loss: 1.2632 (Cls: 1.2632) | Train Acc: 0.8594 | Val Acc: 0.5000 | Val P/R/F1 (Macro): 0.4762/0.5083/0.4443 | LR: 0.000100
Epoch [19/100] | Loss: 1.2082 (Cls: 1.2082) | Train Acc: 0.8984 | Val Acc: 0.5000 | Val P/R/F1 (Macro): 0.4179/0.5292/0.4084 | LR: 0.000100
Epoch [20/100] | Loss: 1.1991 (Cls: 1.1991) | Train Acc: 0.9414 | Val Acc: 0.5000 | Val P/R/F1 (Macro): 0.5480/0.4500/0.4077 | LR: 0.000100
Epoch [21/100] | Loss: 1.1899 (Cls: 1.1899) | Train Acc: 0.9102 | Val Acc: 0.4615 | Val P/R/F1 (Macro): 0.4725/0.4583/0.3876 | LR: 0.000050
Epoch [22/100] | Loss: 1.1576 (Cls: 1.1576) | Train Acc: 0.8984 | Val Acc: 0.5769 | Val P/R/F1 (Macro): 0.6035/0.5583/0.5125 | LR: 0.000050
Epoch [23/100] | Loss: 1.0868 (Cls: 1.0868) | Train Acc: 0.9062 | Val Acc: 0.5000 | Val P/R/F1 (Macro): 0.5224/0.4083/0.3843 | LR: 0.000050
Epoch [24/100] | Loss: 1.1249 (Cls: 1.1249) | Train Acc: 0.9102 | Val Acc: 0.5769 | Val P/R/F1 (Macro): 0.5884/0.5833/0.4941 | LR: 0.000050
Epoch [25/100] | Loss: 1.0909 (Cls: 1.0909) | Train Acc: 0.9258 | Val Acc: 0.6538 | Val P/R/F1 (Macro): 0.6528/0.6500/0.5822 | LR: 0.000050
  >>> New Best Val Acc: 0.6538
Epoch [26/100] | Loss: 1.0863 (Cls: 1.0863) | Train Acc: 0.9258 | Val Acc: 0.5000 | Val P/R/F1 (Macro): 0.5502/0.4500/0.4101 | LR: 0.000050
Epoch [27/100] | Loss: 1.0679 (Cls: 1.0679) | Train Acc: 0.9453 | Val Acc: 0.5000 | Val P/R/F1 (Macro): 0.5085/0.4083/0.3862 | LR: 0.000050
Epoch [28/100] | Loss: 1.0962 (Cls: 1.0962) | Train Acc: 0.9492 | Val Acc: 0.4615 | Val P/R/F1 (Macro): 0.5000/0.3667/0.3452 | LR: 0.000050
Epoch [29/100] | Loss: 1.0262 (Cls: 1.0262) | Train Acc: 0.9570 | Val Acc: 0.6154 | Val P/R/F1 (Macro): 0.6035/0.6167/0.5327 | LR: 0.000050
Epoch [30/100] | Loss: 1.0601 (Cls: 1.0601) | Train Acc: 0.9453 | Val Acc: 0.4231 | Val P/R/F1 (Macro): 0.2609/0.4375/0.3037 | LR: 0.000050
Epoch [31/100] | Loss: 1.0470 (Cls: 1.0470) | Train Acc: 0.9609 | Val Acc: 0.4615 | Val P/R/F1 (Macro): 0.4444/0.4500/0.3333 | LR: 0.000050
Epoch [32/100] | Loss: 1.0219 (Cls: 1.0219) | Train Acc: 0.9609 | Val Acc: 0.5769 | Val P/R/F1 (Macro): 0.5218/0.4708/0.4314 | LR: 0.000050
Epoch [33/100] | Loss: 1.0022 (Cls: 1.0022) | Train Acc: 0.9648 | Val Acc: 0.3846 | Val P/R/F1 (Macro): 0.4306/0.3667/0.3078 | LR: 0.000050
Epoch [34/100] | Loss: 1.0395 (Cls: 1.0395) | Train Acc: 0.9531 | Val Acc: 0.5000 | Val P/R/F1 (Macro): 0.4345/0.4333/0.3794 | LR: 0.000050
Epoch [35/100] | Loss: 1.0207 (Cls: 1.0207) | Train Acc: 0.9609 | Val Acc: 0.3462 | Val P/R/F1 (Macro): 0.3806/0.3625/0.2845 | LR: 0.000050
Epoch [36/100] | Loss: 1.0123 (Cls: 1.0123) | Train Acc: 0.9727 | Val Acc: 0.5000 | Val P/R/F1 (Macro): 0.4663/0.3875/0.3599 | LR: 0.000025
Epoch [37/100] | Loss: 1.0261 (Cls: 1.0261) | Train Acc: 0.9609 | Val Acc: 0.4231 | Val P/R/F1 (Macro): 0.4206/0.3250/0.2941 | LR: 0.000025
Epoch [38/100] | Loss: 1.0012 (Cls: 1.0012) | Train Acc: 0.9648 | Val Acc: 0.3846 | Val P/R/F1 (Macro): 0.3889/0.3458/0.2778 | LR: 0.000025
Epoch [39/100] | Loss: 0.9950 (Cls: 0.9950) | Train Acc: 0.9570 | Val Acc: 0.3077 | Val P/R/F1 (Macro): 0.1689/0.2292/0.1528 | LR: 0.000025
Epoch [40/100] | Loss: 0.9642 (Cls: 0.9642) | Train Acc: 0.9766 | Val Acc: 0.4615 | Val P/R/F1 (Macro): 0.5417/0.4083/0.3572 | LR: 0.000025
Epoch [41/100] | Loss: 0.9991 (Cls: 0.9991) | Train Acc: 0.9648 | Val Acc: 0.4231 | Val P/R/F1 (Macro): 0.4188/0.3667/0.2937 | LR: 0.000025
Epoch [42/100] | Loss: 0.9930 (Cls: 0.9930) | Train Acc: 0.9727 | Val Acc: 0.6154 | Val P/R/F1 (Macro): 0.5758/0.5667/0.5105 | LR: 0.000025
Epoch [43/100] | Loss: 0.9821 (Cls: 0.9821) | Train Acc: 0.9609 | Val Acc: 0.5769 | Val P/R/F1 (Macro): 0.5714/0.6083/0.4981 | LR: 0.000025
Epoch [44/100] | Loss: 0.9419 (Cls: 0.9419) | Train Acc: 0.9922 | Val Acc: 0.5385 | Val P/R/F1 (Macro): 0.5536/0.5125/0.4324 | LR: 0.000025
Epoch [45/100] | Loss: 0.9687 (Cls: 0.9687) | Train Acc: 0.9805 | Val Acc: 0.4231 | Val P/R/F1 (Macro): 0.5212/0.3875/0.3444 | LR: 0.000025
Early stopping: no validation improvement for 20 epochs.
Report strategy: best_window, window=3, reported_acc=0.5769, best_acc=0.6538

迭代 3 报告指标:
  Accuracy: 0.5769
  Precision (Macro): 0.5879
  Recall (Macro): 0.5472
  F1 (Macro): 0.4868
  Precision (Micro): 0.5769
  Recall (Micro): 0.5769
  F1 (Micro): 0.5769
  Val class coverage: 6/14 (0.4286), samples=26

================================================================================
迭代 4/5
随机种子: 45
================================================================================
Target active-class restriction: original_labels=[1, 5, 6, 7, 9, 11], classifier_indices=[0, 4, 5, 6, 8, 10], active/total=6/14
Training mode: unpaired target adaptation with controlled target-label loss (ratio=1.00, weight=1.00).
Fixed labeled target subset: 96/96 samples.
Epoch [1/100] | Loss: 3.5253 (Cls: 3.5253) | Train Acc: 0.3594 | Val Acc: 0.1923 | Val P/R/F1 (Macro): 0.0321/0.1667/0.0538 | LR: 0.000100
  >>> New Best Val Acc: 0.1923
Epoch [2/100] | Loss: 2.6643 (Cls: 2.6643) | Train Acc: 0.4609 | Val Acc: 0.1923 | Val P/R/F1 (Macro): 0.0321/0.1667/0.0538 | LR: 0.000100
Epoch [3/100] | Loss: 2.4053 (Cls: 2.4053) | Train Acc: 0.5820 | Val Acc: 0.3077 | Val P/R/F1 (Macro): 0.2029/0.2292/0.1504 | LR: 0.000100
  >>> New Best Val Acc: 0.3077
Epoch [4/100] | Loss: 2.1462 (Cls: 2.1462) | Train Acc: 0.6250 | Val Acc: 0.3846 | Val P/R/F1 (Macro): 0.3216/0.2833/0.2202 | LR: 0.000100
  >>> New Best Val Acc: 0.3846
Epoch [5/100] | Loss: 2.0543 (Cls: 2.0543) | Train Acc: 0.7070 | Val Acc: 0.4231 | Val P/R/F1 (Macro): 0.2214/0.3750/0.2602 | LR: 0.000100
  >>> New Best Val Acc: 0.4231
Epoch [6/100] | Loss: 1.7342 (Cls: 1.7342) | Train Acc: 0.7422 | Val Acc: 0.4615 | Val P/R/F1 (Macro): 0.3823/0.4667/0.3632 | LR: 0.000100
  >>> New Best Val Acc: 0.4615
Epoch [7/100] | Loss: 1.6441 (Cls: 1.6441) | Train Acc: 0.7812 | Val Acc: 0.4231 | Val P/R/F1 (Macro): 0.2215/0.3750/0.2507 | LR: 0.000100
Epoch [8/100] | Loss: 1.5351 (Cls: 1.5351) | Train Acc: 0.8086 | Val Acc: 0.2308 | Val P/R/F1 (Macro): 0.1111/0.1875/0.1258 | LR: 0.000100
Epoch [9/100] | Loss: 1.6137 (Cls: 1.6137) | Train Acc: 0.8242 | Val Acc: 0.3846 | Val P/R/F1 (Macro): 0.3532/0.4208/0.2805 | LR: 0.000100
Epoch [10/100] | Loss: 1.4390 (Cls: 1.4390) | Train Acc: 0.8555 | Val Acc: 0.4615 | Val P/R/F1 (Macro): 0.3194/0.3750/0.3242 | LR: 0.000100
Epoch [11/100] | Loss: 1.5222 (Cls: 1.5222) | Train Acc: 0.8086 | Val Acc: 0.5000 | Val P/R/F1 (Macro): 0.5641/0.4417/0.4047 | LR: 0.000100
  >>> New Best Val Acc: 0.5000
Epoch [12/100] | Loss: 1.4348 (Cls: 1.4348) | Train Acc: 0.8359 | Val Acc: 0.5385 | Val P/R/F1 (Macro): 0.4091/0.6000/0.4514 | LR: 0.000100
  >>> New Best Val Acc: 0.5385
Epoch [13/100] | Loss: 1.3025 (Cls: 1.3025) | Train Acc: 0.8867 | Val Acc: 0.6154 | Val P/R/F1 (Macro): 0.5308/0.5292/0.4798 | LR: 0.000100
  >>> New Best Val Acc: 0.6154
Epoch [14/100] | Loss: 1.2941 (Cls: 1.2941) | Train Acc: 0.8633 | Val Acc: 0.4615 | Val P/R/F1 (Macro): 0.2528/0.3750/0.2925 | LR: 0.000100
Epoch [15/100] | Loss: 1.2905 (Cls: 1.2905) | Train Acc: 0.8789 | Val Acc: 0.5385 | Val P/R/F1 (Macro): 0.4808/0.4500/0.3981 | LR: 0.000100
Epoch [16/100] | Loss: 1.3104 (Cls: 1.3104) | Train Acc: 0.8711 | Val Acc: 0.3846 | Val P/R/F1 (Macro): 0.2712/0.3958/0.2500 | LR: 0.000100
Epoch [17/100] | Loss: 1.2820 (Cls: 1.2820) | Train Acc: 0.8789 | Val Acc: 0.6538 | Val P/R/F1 (Macro): 0.6045/0.6500/0.5810 | LR: 0.000100
  >>> New Best Val Acc: 0.6538
Epoch [18/100] | Loss: 1.1687 (Cls: 1.1687) | Train Acc: 0.8828 | Val Acc: 0.5385 | Val P/R/F1 (Macro): 0.5595/0.5375/0.4453 | LR: 0.000100
Epoch [19/100] | Loss: 1.1967 (Cls: 1.1967) | Train Acc: 0.9219 | Val Acc: 0.3462 | Val P/R/F1 (Macro): 0.2490/0.3125/0.2143 | LR: 0.000100
Epoch [20/100] | Loss: 1.1406 (Cls: 1.1406) | Train Acc: 0.9258 | Val Acc: 0.4615 | Val P/R/F1 (Macro): 0.4835/0.4292/0.3759 | LR: 0.000100
Epoch [21/100] | Loss: 1.0927 (Cls: 1.0927) | Train Acc: 0.9414 | Val Acc: 0.4231 | Val P/R/F1 (Macro): 0.5040/0.3250/0.3052 | LR: 0.000100
Epoch [22/100] | Loss: 1.2718 (Cls: 1.2718) | Train Acc: 0.9414 | Val Acc: 0.6154 | Val P/R/F1 (Macro): 0.5976/0.6292/0.5407 | LR: 0.000100
Epoch [23/100] | Loss: 1.2154 (Cls: 1.2154) | Train Acc: 0.8945 | Val Acc: 0.6538 | Val P/R/F1 (Macro): 0.5960/0.6000/0.5256 | LR: 0.000100
Epoch [24/100] | Loss: 1.2728 (Cls: 1.2728) | Train Acc: 0.8750 | Val Acc: 0.6154 | Val P/R/F1 (Macro): 0.7593/0.6583/0.6071 | LR: 0.000100
Epoch [25/100] | Loss: 1.1468 (Cls: 1.1468) | Train Acc: 0.9414 | Val Acc: 0.3462 | Val P/R/F1 (Macro): 0.3407/0.2625/0.2146 | LR: 0.000100
Epoch [26/100] | Loss: 1.1570 (Cls: 1.1570) | Train Acc: 0.9180 | Val Acc: 0.5000 | Val P/R/F1 (Macro): 0.5602/0.5000/0.4238 | LR: 0.000100
Epoch [27/100] | Loss: 1.1907 (Cls: 1.1907) | Train Acc: 0.8984 | Val Acc: 0.3462 | Val P/R/F1 (Macro): 0.2130/0.2500/0.1836 | LR: 0.000100
Epoch [28/100] | Loss: 1.1784 (Cls: 1.1784) | Train Acc: 0.8945 | Val Acc: 0.5000 | Val P/R/F1 (Macro): 0.5791/0.5917/0.4963 | LR: 0.000050
Epoch [29/100] | Loss: 1.0899 (Cls: 1.0899) | Train Acc: 0.9453 | Val Acc: 0.6154 | Val P/R/F1 (Macro): 0.7611/0.6583/0.6111 | LR: 0.000050
Epoch [30/100] | Loss: 1.0198 (Cls: 1.0198) | Train Acc: 0.9727 | Val Acc: 0.4615 | Val P/R/F1 (Macro): 0.5419/0.4083/0.3577 | LR: 0.000050
Epoch [31/100] | Loss: 1.0582 (Cls: 1.0582) | Train Acc: 0.9414 | Val Acc: 0.3462 | Val P/R/F1 (Macro): 0.2045/0.2500/0.1728 | LR: 0.000050
Epoch [32/100] | Loss: 1.0291 (Cls: 1.0291) | Train Acc: 0.9648 | Val Acc: 0.4231 | Val P/R/F1 (Macro): 0.2743/0.4167/0.2738 | LR: 0.000050
Epoch [33/100] | Loss: 1.0238 (Cls: 1.0238) | Train Acc: 0.9531 | Val Acc: 0.5385 | Val P/R/F1 (Macro): 0.5974/0.4917/0.4497 | LR: 0.000050
Epoch [34/100] | Loss: 0.9821 (Cls: 0.9821) | Train Acc: 0.9688 | Val Acc: 0.5769 | Val P/R/F1 (Macro): 0.5308/0.4833/0.4471 | LR: 0.000050
Epoch [35/100] | Loss: 0.9675 (Cls: 0.9675) | Train Acc: 0.9727 | Val Acc: 0.6154 | Val P/R/F1 (Macro): 0.5917/0.5792/0.5288 | LR: 0.000050
Epoch [36/100] | Loss: 1.0252 (Cls: 1.0252) | Train Acc: 0.9492 | Val Acc: 0.3846 | Val P/R/F1 (Macro): 0.3824/0.2833/0.2424 | LR: 0.000050
Epoch [37/100] | Loss: 0.9885 (Cls: 0.9885) | Train Acc: 0.9609 | Val Acc: 0.3077 | Val P/R/F1 (Macro): 0.2725/0.3417/0.2225 | LR: 0.000050
Early stopping: no validation improvement for 20 epochs.
Report strategy: best_window, window=3, reported_acc=0.6282, best_acc=0.6538

迭代 4 报告指标:
  Accuracy: 0.6282
  Precision (Macro): 0.6510
  Recall (Macro): 0.6292
  F1 (Macro): 0.5578
  Precision (Micro): 0.6282
  Recall (Micro): 0.6282
  F1 (Micro): 0.6282
  Val class coverage: 6/14 (0.4286), samples=26

================================================================================
迭代 5/5
随机种子: 46
================================================================================
Target active-class restriction: original_labels=[1, 5, 6, 7, 9, 11], classifier_indices=[0, 4, 5, 6, 8, 10], active/total=6/14
Training mode: unpaired target adaptation with controlled target-label loss (ratio=1.00, weight=1.00).
Fixed labeled target subset: 96/96 samples.
Epoch [1/100] | Loss: 3.4258 (Cls: 3.4258) | Train Acc: 0.3320 | Val Acc: 0.1923 | Val P/R/F1 (Macro): 0.0321/0.1667/0.0538 | LR: 0.000100
  >>> New Best Val Acc: 0.1923
Epoch [2/100] | Loss: 2.3624 (Cls: 2.3624) | Train Acc: 0.5469 | Val Acc: 0.1923 | Val P/R/F1 (Macro): 0.0321/0.1667/0.0538 | LR: 0.000100
Epoch [3/100] | Loss: 2.1231 (Cls: 2.1231) | Train Acc: 0.6523 | Val Acc: 0.1923 | Val P/R/F1 (Macro): 0.0333/0.1667/0.0556 | LR: 0.000100
Epoch [4/100] | Loss: 1.9784 (Cls: 1.9784) | Train Acc: 0.6484 | Val Acc: 0.4231 | Val P/R/F1 (Macro): 0.4824/0.3500/0.3091 | LR: 0.000100
  >>> New Best Val Acc: 0.4231
Epoch [5/100] | Loss: 1.8037 (Cls: 1.8037) | Train Acc: 0.7148 | Val Acc: 0.5385 | Val P/R/F1 (Macro): 0.5104/0.4542/0.4242 | LR: 0.000100
  >>> New Best Val Acc: 0.5385
Epoch [6/100] | Loss: 1.7609 (Cls: 1.7609) | Train Acc: 0.7305 | Val Acc: 0.5000 | Val P/R/F1 (Macro): 0.2808/0.4167/0.3241 | LR: 0.000100
Epoch [7/100] | Loss: 1.6889 (Cls: 1.6889) | Train Acc: 0.7930 | Val Acc: 0.5385 | Val P/R/F1 (Macro): 0.6472/0.4917/0.4776 | LR: 0.000100
Epoch [8/100] | Loss: 1.5003 (Cls: 1.5003) | Train Acc: 0.8281 | Val Acc: 0.5385 | Val P/R/F1 (Macro): 0.4881/0.4500/0.3988 | LR: 0.000100
Epoch [9/100] | Loss: 1.4590 (Cls: 1.4590) | Train Acc: 0.8281 | Val Acc: 0.3077 | Val P/R/F1 (Macro): 0.2725/0.3417/0.2225 | LR: 0.000100
Epoch [10/100] | Loss: 1.3884 (Cls: 1.3884) | Train Acc: 0.8281 | Val Acc: 0.5000 | Val P/R/F1 (Macro): 0.5662/0.4417/0.4057 | LR: 0.000100
Epoch [11/100] | Loss: 1.4315 (Cls: 1.4315) | Train Acc: 0.8477 | Val Acc: 0.5000 | Val P/R/F1 (Macro): 0.4980/0.4083/0.3853 | LR: 0.000100
Epoch [12/100] | Loss: 1.2893 (Cls: 1.2893) | Train Acc: 0.8828 | Val Acc: 0.6538 | Val P/R/F1 (Macro): 0.6306/0.6042/0.5437 | LR: 0.000100
  >>> New Best Val Acc: 0.6538
Epoch [13/100] | Loss: 1.2378 (Cls: 1.2378) | Train Acc: 0.9023 | Val Acc: 0.6538 | Val P/R/F1 (Macro): 0.6329/0.6292/0.5627 | LR: 0.000100
Epoch [14/100] | Loss: 1.2880 (Cls: 1.2880) | Train Acc: 0.8633 | Val Acc: 0.5385 | Val P/R/F1 (Macro): 0.5595/0.4417/0.4369 | LR: 0.000100
Epoch [15/100] | Loss: 1.3312 (Cls: 1.3312) | Train Acc: 0.8867 | Val Acc: 0.5385 | Val P/R/F1 (Macro): 0.3869/0.5000/0.4137 | LR: 0.000100
Epoch [16/100] | Loss: 1.1793 (Cls: 1.1793) | Train Acc: 0.9180 | Val Acc: 0.3846 | Val P/R/F1 (Macro): 0.3452/0.3958/0.2828 | LR: 0.000100
Epoch [17/100] | Loss: 1.3447 (Cls: 1.3447) | Train Acc: 0.8516 | Val Acc: 0.7308 | Val P/R/F1 (Macro): 0.6653/0.6792/0.6134 | LR: 0.000100
  >>> New Best Val Acc: 0.7308
Epoch [18/100] | Loss: 1.1957 (Cls: 1.1957) | Train Acc: 0.9102 | Val Acc: 0.5385 | Val P/R/F1 (Macro): 0.4508/0.5167/0.4069 | LR: 0.000100
Epoch [19/100] | Loss: 1.1353 (Cls: 1.1353) | Train Acc: 0.9336 | Val Acc: 0.3846 | Val P/R/F1 (Macro): 0.2236/0.3333/0.2339 | LR: 0.000100
Epoch [20/100] | Loss: 1.1653 (Cls: 1.1653) | Train Acc: 0.9141 | Val Acc: 0.5769 | Val P/R/F1 (Macro): 0.5903/0.5750/0.4885 | LR: 0.000100
Epoch [21/100] | Loss: 1.1826 (Cls: 1.1826) | Train Acc: 0.8984 | Val Acc: 0.4615 | Val P/R/F1 (Macro): 0.5595/0.3667/0.3655 | LR: 0.000100
Epoch [22/100] | Loss: 1.1540 (Cls: 1.1540) | Train Acc: 0.9297 | Val Acc: 0.3846 | Val P/R/F1 (Macro): 0.5104/0.4292/0.3247 | LR: 0.000100
Epoch [23/100] | Loss: 1.1389 (Cls: 1.1389) | Train Acc: 0.9219 | Val Acc: 0.4615 | Val P/R/F1 (Macro): 0.3889/0.3500/0.3194 | LR: 0.000100
Epoch [24/100] | Loss: 1.0789 (Cls: 1.0789) | Train Acc: 0.9453 | Val Acc: 0.5000 | Val P/R/F1 (Macro): 0.3824/0.3833/0.3350 | LR: 0.000100
Epoch [25/100] | Loss: 1.1050 (Cls: 1.1050) | Train Acc: 0.9180 | Val Acc: 0.4615 | Val P/R/F1 (Macro): 0.5528/0.4083/0.3943 | LR: 0.000100
Epoch [26/100] | Loss: 1.1136 (Cls: 1.1136) | Train Acc: 0.9492 | Val Acc: 0.6538 | Val P/R/F1 (Macro): 0.5595/0.5417/0.5084 | LR: 0.000100
Epoch [27/100] | Loss: 1.0249 (Cls: 1.0249) | Train Acc: 0.9570 | Val Acc: 0.6154 | Val P/R/F1 (Macro): 0.5944/0.6167/0.5238 | LR: 0.000100
Epoch [28/100] | Loss: 1.0829 (Cls: 1.0829) | Train Acc: 0.9336 | Val Acc: 0.5385 | Val P/R/F1 (Macro): 0.5417/0.5750/0.4586 | LR: 0.000050
Epoch [29/100] | Loss: 1.0360 (Cls: 1.0360) | Train Acc: 0.9492 | Val Acc: 0.5769 | Val P/R/F1 (Macro): 0.5813/0.5833/0.4952 | LR: 0.000050
Epoch [30/100] | Loss: 1.0544 (Cls: 1.0544) | Train Acc: 0.9648 | Val Acc: 0.5000 | Val P/R/F1 (Macro): 0.4410/0.4333/0.3821 | LR: 0.000050
Epoch [31/100] | Loss: 0.9982 (Cls: 0.9982) | Train Acc: 0.9688 | Val Acc: 0.4231 | Val P/R/F1 (Macro): 0.4352/0.3750/0.3169 | LR: 0.000050
Epoch [32/100] | Loss: 1.0149 (Cls: 1.0149) | Train Acc: 0.9453 | Val Acc: 0.3846 | Val P/R/F1 (Macro): 0.2661/0.3333/0.2472 | LR: 0.000050
Epoch [33/100] | Loss: 1.0335 (Cls: 1.0335) | Train Acc: 0.9531 | Val Acc: 0.6538 | Val P/R/F1 (Macro): 0.6167/0.6500/0.5708 | LR: 0.000050
Epoch [34/100] | Loss: 1.0035 (Cls: 1.0035) | Train Acc: 0.9727 | Val Acc: 0.5769 | Val P/R/F1 (Macro): 0.5754/0.6083/0.5016 | LR: 0.000050
Epoch [35/100] | Loss: 0.9906 (Cls: 0.9906) | Train Acc: 0.9688 | Val Acc: 0.5769 | Val P/R/F1 (Macro): 0.5363/0.4708/0.4339 | LR: 0.000050
Epoch [36/100] | Loss: 0.9367 (Cls: 0.9367) | Train Acc: 0.9805 | Val Acc: 0.5385 | Val P/R/F1 (Macro): 0.5767/0.5417/0.4654 | LR: 0.000050
Epoch [37/100] | Loss: 0.9425 (Cls: 0.9425) | Train Acc: 0.9922 | Val Acc: 0.5000 | Val P/R/F1 (Macro): 0.5587/0.5417/0.4185 | LR: 0.000050
Early stopping: no validation improvement for 20 epochs.
Report strategy: best_window, window=3, reported_acc=0.6154, best_acc=0.7308

迭代 5 报告指标:
  Accuracy: 0.6154
  Precision (Macro): 0.6077
  Recall (Macro): 0.5583
  F1 (Macro): 0.5144
  Precision (Micro): 0.6154
  Recall (Micro): 0.6154
  F1 (Micro): 0.6154
  Val class coverage: 6/14 (0.4286), samples=26

================================================================================
5次迭代统计结果
================================================================================

accuracy:
  各迭代值: ['0.6154', '0.5641', '0.5769', '0.6282', '0.6154']
  均值 (Mean): 0.6000
  标准差 (Std): 0.0249

precision_macro:
  各迭代值: ['0.5515', '0.5903', '0.5879', '0.6510', '0.6077']
  均值 (Mean): 0.5976
  标准差 (Std): 0.0323

recall_macro:
  各迭代值: ['0.5278', '0.5417', '0.5472', '0.6292', '0.5583']
  均值 (Mean): 0.5608
  标准差 (Std): 0.0356

f1_macro:
  各迭代值: ['0.4937', '0.4716', '0.4868', '0.5578', '0.5144']
  均值 (Mean): 0.5049
  标准差 (Std): 0.0298

precision_micro:
  各迭代值: ['0.6154', '0.5641', '0.5769', '0.6282', '0.6154']
  均值 (Mean): 0.6000
  标准差 (Std): 0.0249

recall_micro:
  各迭代值: ['0.6154', '0.5641', '0.5769', '0.6282', '0.6154']
  均值 (Mean): 0.6000
  标准差 (Std): 0.0249

f1_micro:
  各迭代值: ['0.6154', '0.5641', '0.5769', '0.6282', '0.6154']
  均值 (Mean): 0.6000
  标准差 (Std): 0.0249

val_class_coverage:
  各迭代值: ['0.4286', '0.4286', '0.4286', '0.4286', '0.4286']
  均值 (Mean): 0.4286
  标准差 (Std): 0.0000

val_present_classes:
  各迭代值: ['6.0000', '6.0000', '6.0000', '6.0000', '6.0000']
  均值 (Mean): 6.0000
  标准差 (Std): 0.0000

val_total_classes:
  各迭代值: ['14.0000', '14.0000', '14.0000', '14.0000', '14.0000']
  均值 (Mean): 14.0000
  标准差 (Std): 0.0000

val_samples:
  各迭代值: ['26.0000', '26.0000', '26.0000', '26.0000', '26.0000']
  均值 (Mean): 26.0000
  标准差 (Std): 0.0000

训练结束时间: 2026-08-11 18:20:05
================================================================================
