================================================================================
单模态消融实验 - IR
目标域天气: 雨天
训练开始时间: 2026-08-05 21:24:48
设备: cuda
模态: ir
源域: /home/lixiang/lx/Data/晴天
目标域: /home/lixiang/lx/Data/雨天
批次大小: 32
总轮数: 100
迭代次数: 5
特征维度: 512
域适应: 禁用
报告策略: best, 窗口: 10
源/目标分类损失权重: 0.25/2.1, 目标标签比例: 1.1
对抗损失权重: 0.0
================================================================================

================================================================================
迭代 1/5
随机种子: 42
================================================================================
Training mode: unpaired target adaptation with controlled target-label loss (ratio=1.00, weight=2.10).
Fixed labeled target subset: 96/96 samples.
Epoch [1/100] | Loss: 5.5202 (Cls: 5.5202) | Train Acc: 0.1016 | Val Acc: 0.0769 | Val P/R/F1 (Macro): 0.0128/0.1667/0.0238 | LR: 0.000200
  >>> New Best Val Acc: 0.0769
Epoch [2/100] | Loss: 4.2451 (Cls: 4.2451) | Train Acc: 0.0977 | Val Acc: 0.0769 | Val P/R/F1 (Macro): 0.0256/0.1667/0.0444 | LR: 0.000200
Epoch [3/100] | Loss: 3.7997 (Cls: 3.7997) | Train Acc: 0.1133 | Val Acc: 0.1923 | Val P/R/F1 (Macro): 0.0926/0.2500/0.1329 | LR: 0.000200
  >>> New Best Val Acc: 0.1923
Epoch [4/100] | Loss: 3.1334 (Cls: 3.1334) | Train Acc: 0.1055 | Val Acc: 0.4231 | Val P/R/F1 (Macro): 0.3662/0.5000/0.3303 | LR: 0.000200
  >>> New Best Val Acc: 0.4231
Epoch [5/100] | Loss: 3.0107 (Cls: 3.0107) | Train Acc: 0.1289 | Val Acc: 0.3846 | Val P/R/F1 (Macro): 0.4104/0.4042/0.3219 | LR: 0.000200
Epoch [6/100] | Loss: 2.7866 (Cls: 2.7866) | Train Acc: 0.1367 | Val Acc: 0.5769 | Val P/R/F1 (Macro): 0.5185/0.7333/0.5793 | LR: 0.000200
  >>> New Best Val Acc: 0.5769
Epoch [7/100] | Loss: 2.7975 (Cls: 2.7975) | Train Acc: 0.1602 | Val Acc: 0.7308 | Val P/R/F1 (Macro): 0.7444/0.8167/0.7460 | LR: 0.000200
  >>> New Best Val Acc: 0.7308
Epoch [8/100] | Loss: 2.8104 (Cls: 2.8104) | Train Acc: 0.1289 | Val Acc: 0.3846 | Val P/R/F1 (Macro): 0.5657/0.5042/0.4026 | LR: 0.000200
Epoch [9/100] | Loss: 2.5916 (Cls: 2.5916) | Train Acc: 0.1367 | Val Acc: 0.2308 | Val P/R/F1 (Macro): 0.1286/0.3333/0.1768 | LR: 0.000200
Epoch [10/100] | Loss: 2.7403 (Cls: 2.7403) | Train Acc: 0.2461 | Val Acc: 0.2308 | Val P/R/F1 (Macro): 0.1136/0.3333/0.1624 | LR: 0.000200
Epoch [11/100] | Loss: 2.5237 (Cls: 2.5237) | Train Acc: 0.1992 | Val Acc: 0.5000 | Val P/R/F1 (Macro): 0.5952/0.6667/0.5556 | LR: 0.000200
Epoch [12/100] | Loss: 2.5195 (Cls: 2.5195) | Train Acc: 0.2070 | Val Acc: 0.2692 | Val P/R/F1 (Macro): 0.3131/0.3583/0.2391 | LR: 0.000200
Epoch [13/100] | Loss: 2.5818 (Cls: 2.5818) | Train Acc: 0.2500 | Val Acc: 0.4231 | Val P/R/F1 (Macro): 0.4470/0.4500/0.3568 | LR: 0.000200
Epoch [14/100] | Loss: 2.4594 (Cls: 2.4594) | Train Acc: 0.2773 | Val Acc: 0.3846 | Val P/R/F1 (Macro): 0.6222/0.5083/0.4844 | LR: 0.000200
Epoch [15/100] | Loss: 2.3151 (Cls: 2.3151) | Train Acc: 0.2266 | Val Acc: 0.4615 | Val P/R/F1 (Macro): 0.5111/0.6000/0.5063 | LR: 0.000200
Epoch [16/100] | Loss: 2.2380 (Cls: 2.2380) | Train Acc: 0.3086 | Val Acc: 0.2692 | Val P/R/F1 (Macro): 0.2870/0.2917/0.2106 | LR: 0.000200
Epoch [17/100] | Loss: 2.3698 (Cls: 2.3698) | Train Acc: 0.3711 | Val Acc: 0.3462 | Val P/R/F1 (Macro): 0.4226/0.3625/0.3039 | LR: 0.000200
Epoch [18/100] | Loss: 2.3020 (Cls: 2.3020) | Train Acc: 0.3242 | Val Acc: 0.6154 | Val P/R/F1 (Macro): 0.7611/0.6958/0.6797 | LR: 0.000100
Epoch [19/100] | Loss: 2.0988 (Cls: 2.0988) | Train Acc: 0.3594 | Val Acc: 0.2308 | Val P/R/F1 (Macro): 0.2976/0.3667/0.2815 | LR: 0.000100
Epoch [20/100] | Loss: 2.1040 (Cls: 2.1040) | Train Acc: 0.3789 | Val Acc: 0.4615 | Val P/R/F1 (Macro): 0.5698/0.4750/0.4357 | LR: 0.000100
Epoch [21/100] | Loss: 2.0806 (Cls: 2.0806) | Train Acc: 0.3477 | Val Acc: 0.5385 | Val P/R/F1 (Macro): 0.7500/0.6000/0.5878 | LR: 0.000100
Epoch [22/100] | Loss: 1.9853 (Cls: 1.9853) | Train Acc: 0.3750 | Val Acc: 0.2308 | Val P/R/F1 (Macro): 0.1136/0.3333/0.1624 | LR: 0.000100
Epoch [23/100] | Loss: 2.0816 (Cls: 2.0816) | Train Acc: 0.3906 | Val Acc: 0.3462 | Val P/R/F1 (Macro): 0.2103/0.4333/0.2778 | LR: 0.000100
Epoch [24/100] | Loss: 2.1082 (Cls: 2.1082) | Train Acc: 0.4570 | Val Acc: 0.2692 | Val P/R/F1 (Macro): 0.2556/0.2833/0.1778 | LR: 0.000100
Epoch [25/100] | Loss: 1.8434 (Cls: 1.8434) | Train Acc: 0.5156 | Val Acc: 0.2692 | Val P/R/F1 (Macro): 0.2976/0.4167/0.2963 | LR: 0.000100
Epoch [26/100] | Loss: 1.9370 (Cls: 1.9370) | Train Acc: 0.4609 | Val Acc: 0.4231 | Val P/R/F1 (Macro): 0.5333/0.4500/0.3889 | LR: 0.000100
Epoch [27/100] | Loss: 1.8641 (Cls: 1.8641) | Train Acc: 0.4727 | Val Acc: 0.4231 | Val P/R/F1 (Macro): 0.5037/0.4500/0.3854 | LR: 0.000100
Epoch [28/100] | Loss: 2.0927 (Cls: 2.0927) | Train Acc: 0.4648 | Val Acc: 0.4231 | Val P/R/F1 (Macro): 0.4500/0.4500/0.3611 | LR: 0.000100
Epoch [29/100] | Loss: 1.9223 (Cls: 1.9223) | Train Acc: 0.4922 | Val Acc: 0.3846 | Val P/R/F1 (Macro): 0.2810/0.4417/0.3193 | LR: 0.000050
Epoch [30/100] | Loss: 1.8499 (Cls: 1.8499) | Train Acc: 0.5547 | Val Acc: 0.2692 | Val P/R/F1 (Macro): 0.2952/0.2917/0.2111 | LR: 0.000050
Epoch [31/100] | Loss: 1.7464 (Cls: 1.7464) | Train Acc: 0.4922 | Val Acc: 0.3846 | Val P/R/F1 (Macro): 0.2870/0.4167/0.3106 | LR: 0.000050
Epoch [32/100] | Loss: 1.7872 (Cls: 1.7872) | Train Acc: 0.5586 | Val Acc: 0.3462 | Val P/R/F1 (Macro): 0.2833/0.3750/0.2817 | LR: 0.000050
Epoch [33/100] | Loss: 1.7553 (Cls: 1.7553) | Train Acc: 0.5430 | Val Acc: 0.3462 | Val P/R/F1 (Macro): 0.2418/0.3958/0.2754 | LR: 0.000050
Epoch [34/100] | Loss: 1.7872 (Cls: 1.7872) | Train Acc: 0.5352 | Val Acc: 0.2692 | Val P/R/F1 (Macro): 0.2704/0.2833/0.1902 | LR: 0.000050
Epoch [35/100] | Loss: 1.6754 (Cls: 1.6754) | Train Acc: 0.5938 | Val Acc: 0.4231 | Val P/R/F1 (Macro): 0.4656/0.4500/0.3717 | LR: 0.000050
Epoch [36/100] | Loss: 1.7301 (Cls: 1.7301) | Train Acc: 0.5742 | Val Acc: 0.4231 | Val P/R/F1 (Macro): 0.4815/0.4500/0.3781 | LR: 0.000050
Epoch [37/100] | Loss: 1.7082 (Cls: 1.7082) | Train Acc: 0.5273 | Val Acc: 0.3846 | Val P/R/F1 (Macro): 0.2870/0.4167/0.3106 | LR: 0.000050
Epoch [38/100] | Loss: 1.7236 (Cls: 1.7236) | Train Acc: 0.5234 | Val Acc: 0.3846 | Val P/R/F1 (Macro): 0.2989/0.4167/0.3162 | LR: 0.000050
Epoch [39/100] | Loss: 1.7069 (Cls: 1.7069) | Train Acc: 0.5859 | Val Acc: 0.3846 | Val P/R/F1 (Macro): 0.2870/0.4167/0.3106 | LR: 0.000050
Epoch [40/100] | Loss: 1.7247 (Cls: 1.7247) | Train Acc: 0.6914 | Val Acc: 0.4615 | Val P/R/F1 (Macro): 0.5750/0.4833/0.4333 | LR: 0.000025
Epoch [41/100] | Loss: 1.6789 (Cls: 1.6789) | Train Acc: 0.5898 | Val Acc: 0.3846 | Val P/R/F1 (Macro): 0.2870/0.4167/0.3106 | LR: 0.000025
Epoch [42/100] | Loss: 1.6367 (Cls: 1.6367) | Train Acc: 0.6289 | Val Acc: 0.3846 | Val P/R/F1 (Macro): 0.2778/0.4167/0.3057 | LR: 0.000025
Epoch [43/100] | Loss: 1.7245 (Cls: 1.7245) | Train Acc: 0.6758 | Val Acc: 0.3846 | Val P/R/F1 (Macro): 0.2778/0.4167/0.3057 | LR: 0.000025
Epoch [44/100] | Loss: 1.6137 (Cls: 1.6137) | Train Acc: 0.6836 | Val Acc: 0.4615 | Val P/R/F1 (Macro): 0.5119/0.4833/0.4148 | LR: 0.000025
Epoch [45/100] | Loss: 1.6592 (Cls: 1.6592) | Train Acc: 0.6484 | Val Acc: 0.4231 | Val P/R/F1 (Macro): 0.4656/0.4500/0.3717 | LR: 0.000025
Epoch [46/100] | Loss: 1.6224 (Cls: 1.6224) | Train Acc: 0.6875 | Val Acc: 0.3846 | Val P/R/F1 (Macro): 0.4537/0.4083/0.3424 | LR: 0.000025
Epoch [47/100] | Loss: 1.5945 (Cls: 1.5945) | Train Acc: 0.6602 | Val Acc: 0.3846 | Val P/R/F1 (Macro): 0.4537/0.4083/0.3424 | LR: 0.000025
Epoch [48/100] | Loss: 1.6277 (Cls: 1.6277) | Train Acc: 0.6680 | Val Acc: 0.2308 | Val P/R/F1 (Macro): 0.0889/0.2500/0.1222 | LR: 0.000025
Epoch [49/100] | Loss: 1.6963 (Cls: 1.6963) | Train Acc: 0.6289 | Val Acc: 0.3462 | Val P/R/F1 (Macro): 0.2778/0.3750/0.2819 | LR: 0.000025
Epoch [50/100] | Loss: 1.5985 (Cls: 1.5985) | Train Acc: 0.7266 | Val Acc: 0.4231 | Val P/R/F1 (Macro): 0.5370/0.4500/0.3939 | LR: 0.000025
Epoch [51/100] | Loss: 1.6220 (Cls: 1.6220) | Train Acc: 0.7070 | Val Acc: 0.4231 | Val P/R/F1 (Macro): 0.4656/0.4500/0.3717 | LR: 0.000013
Epoch [52/100] | Loss: 1.5993 (Cls: 1.5993) | Train Acc: 0.6680 | Val Acc: 0.2308 | Val P/R/F1 (Macro): 0.0926/0.2500/0.1273 | LR: 0.000013
Epoch [53/100] | Loss: 1.6173 (Cls: 1.6173) | Train Acc: 0.7344 | Val Acc: 0.2692 | Val P/R/F1 (Macro): 0.1389/0.2833/0.1704 | LR: 0.000013
Epoch [54/100] | Loss: 1.5870 (Cls: 1.5870) | Train Acc: 0.7148 | Val Acc: 0.2692 | Val P/R/F1 (Macro): 0.2643/0.2917/0.1974 | LR: 0.000013
Epoch [55/100] | Loss: 1.5872 (Cls: 1.5872) | Train Acc: 0.7148 | Val Acc: 0.4231 | Val P/R/F1 (Macro): 0.4656/0.4500/0.3717 | LR: 0.000013
Epoch [56/100] | Loss: 1.5838 (Cls: 1.5838) | Train Acc: 0.7070 | Val Acc: 0.3846 | Val P/R/F1 (Macro): 0.4537/0.4083/0.3424 | LR: 0.000013
Epoch [57/100] | Loss: 1.5527 (Cls: 1.5527) | Train Acc: 0.7227 | Val Acc: 0.3462 | Val P/R/F1 (Macro): 0.4444/0.3667/0.3057 | LR: 0.000013
Epoch [58/100] | Loss: 1.6514 (Cls: 1.6514) | Train Acc: 0.6914 | Val Acc: 0.4231 | Val P/R/F1 (Macro): 0.4656/0.4500/0.3717 | LR: 0.000013
Epoch [59/100] | Loss: 1.5457 (Cls: 1.5457) | Train Acc: 0.7305 | Val Acc: 0.4231 | Val P/R/F1 (Macro): 0.4656/0.4500/0.3717 | LR: 0.000013
Epoch [60/100] | Loss: 1.5867 (Cls: 1.5867) | Train Acc: 0.7109 | Val Acc: 0.4231 | Val P/R/F1 (Macro): 0.4656/0.4500/0.3717 | LR: 0.000013
Epoch [61/100] | Loss: 1.5550 (Cls: 1.5550) | Train Acc: 0.7266 | Val Acc: 0.4231 | Val P/R/F1 (Macro): 0.4537/0.4500/0.3662 | LR: 0.000013
Epoch [62/100] | Loss: 1.5893 (Cls: 1.5893) | Train Acc: 0.7578 | Val Acc: 0.3462 | Val P/R/F1 (Macro): 0.2870/0.3750/0.2868 | LR: 0.000006
Epoch [63/100] | Loss: 1.5731 (Cls: 1.5731) | Train Acc: 0.6992 | Val Acc: 0.4231 | Val P/R/F1 (Macro): 0.4656/0.4500/0.3717 | LR: 0.000006
Epoch [64/100] | Loss: 1.5519 (Cls: 1.5519) | Train Acc: 0.7031 | Val Acc: 0.4231 | Val P/R/F1 (Macro): 0.4656/0.4500/0.3717 | LR: 0.000006
Epoch [65/100] | Loss: 1.5261 (Cls: 1.5261) | Train Acc: 0.8047 | Val Acc: 0.3846 | Val P/R/F1 (Macro): 0.4537/0.4083/0.3424 | LR: 0.000006
Epoch [66/100] | Loss: 1.5616 (Cls: 1.5616) | Train Acc: 0.7617 | Val Acc: 0.3846 | Val P/R/F1 (Macro): 0.4537/0.4083/0.3424 | LR: 0.000006
Epoch [67/100] | Loss: 1.5473 (Cls: 1.5473) | Train Acc: 0.7539 | Val Acc: 0.3846 | Val P/R/F1 (Macro): 0.4537/0.4083/0.3424 | LR: 0.000006
Epoch [68/100] | Loss: 1.5626 (Cls: 1.5626) | Train Acc: 0.7148 | Val Acc: 0.4231 | Val P/R/F1 (Macro): 0.4656/0.4500/0.3717 | LR: 0.000006
Epoch [69/100] | Loss: 1.5487 (Cls: 1.5487) | Train Acc: 0.7734 | Val Acc: 0.3846 | Val P/R/F1 (Macro): 0.4656/0.4083/0.3479 | LR: 0.000006
Epoch [70/100] | Loss: 1.5283 (Cls: 1.5283) | Train Acc: 0.7695 | Val Acc: 0.4231 | Val P/R/F1 (Macro): 0.4619/0.4500/0.3667 | LR: 0.000006
Epoch [71/100] | Loss: 1.6052 (Cls: 1.6052) | Train Acc: 0.7617 | Val Acc: 0.4231 | Val P/R/F1 (Macro): 0.4537/0.4500/0.3662 | LR: 0.000006
Epoch [72/100] | Loss: 1.5631 (Cls: 1.5631) | Train Acc: 0.7227 | Val Acc: 0.4231 | Val P/R/F1 (Macro): 0.4619/0.4500/0.3667 | LR: 0.000006
Epoch [73/100] | Loss: 1.6115 (Cls: 1.6115) | Train Acc: 0.7344 | Val Acc: 0.3846 | Val P/R/F1 (Macro): 0.4407/0.4083/0.3324 | LR: 0.000003
Epoch [74/100] | Loss: 1.5588 (Cls: 1.5588) | Train Acc: 0.7109 | Val Acc: 0.4231 | Val P/R/F1 (Macro): 0.4619/0.4500/0.3667 | LR: 0.000003
Epoch [75/100] | Loss: 1.5260 (Cls: 1.5260) | Train Acc: 0.7891 | Val Acc: 0.4231 | Val P/R/F1 (Macro): 0.4656/0.4500/0.3717 | LR: 0.000003
Epoch [76/100] | Loss: 1.5716 (Cls: 1.5716) | Train Acc: 0.7422 | Val Acc: 0.4231 | Val P/R/F1 (Macro): 0.4656/0.4500/0.3717 | LR: 0.000003
Epoch [77/100] | Loss: 1.5596 (Cls: 1.5596) | Train Acc: 0.7266 | Val Acc: 0.3462 | Val P/R/F1 (Macro): 0.4656/0.3667/0.3162 | LR: 0.000003
Epoch [78/100] | Loss: 1.5373 (Cls: 1.5373) | Train Acc: 0.7344 | Val Acc: 0.3077 | Val P/R/F1 (Macro): 0.4500/0.3250/0.2611 | LR: 0.000003
Epoch [79/100] | Loss: 1.5213 (Cls: 1.5213) | Train Acc: 0.8164 | Val Acc: 0.3462 | Val P/R/F1 (Macro): 0.4656/0.3667/0.3162 | LR: 0.000003
Epoch [80/100] | Loss: 1.5152 (Cls: 1.5152) | Train Acc: 0.8047 | Val Acc: 0.3846 | Val P/R/F1 (Macro): 0.4656/0.4083/0.3479 | LR: 0.000003
Epoch [81/100] | Loss: 1.5409 (Cls: 1.5409) | Train Acc: 0.8047 | Val Acc: 0.3846 | Val P/R/F1 (Macro): 0.4656/0.4083/0.3479 | LR: 0.000003
Epoch [82/100] | Loss: 1.5323 (Cls: 1.5323) | Train Acc: 0.7812 | Val Acc: 0.3846 | Val P/R/F1 (Macro): 0.4656/0.4083/0.3479 | LR: 0.000003
Epoch [83/100] | Loss: 1.6196 (Cls: 1.6196) | Train Acc: 0.7422 | Val Acc: 0.2308 | Val P/R/F1 (Macro): 0.1167/0.2500/0.1389 | LR: 0.000003
Epoch [84/100] | Loss: 1.5696 (Cls: 1.5696) | Train Acc: 0.7500 | Val Acc: 0.3846 | Val P/R/F1 (Macro): 0.4656/0.4083/0.3479 | LR: 0.000002
Epoch [85/100] | Loss: 1.5406 (Cls: 1.5406) | Train Acc: 0.7383 | Val Acc: 0.3846 | Val P/R/F1 (Macro): 0.4656/0.4083/0.3479 | LR: 0.000002
Epoch [86/100] | Loss: 1.5487 (Cls: 1.5487) | Train Acc: 0.7539 | Val Acc: 0.3462 | Val P/R/F1 (Macro): 0.4656/0.3667/0.3162 | LR: 0.000002
Epoch [87/100] | Loss: 1.5498 (Cls: 1.5498) | Train Acc: 0.7148 | Val Acc: 0.3846 | Val P/R/F1 (Macro): 0.4619/0.4083/0.3429 | LR: 0.000002
Epoch [88/100] | Loss: 1.5245 (Cls: 1.5245) | Train Acc: 0.7852 | Val Acc: 0.4231 | Val P/R/F1 (Macro): 0.4656/0.4500/0.3717 | LR: 0.000002
Epoch [89/100] | Loss: 1.5309 (Cls: 1.5309) | Train Acc: 0.7305 | Val Acc: 0.4231 | Val P/R/F1 (Macro): 0.4656/0.4500/0.3717 | LR: 0.000002
Epoch [90/100] | Loss: 1.5677 (Cls: 1.5677) | Train Acc: 0.6992 | Val Acc: 0.4231 | Val P/R/F1 (Macro): 0.4656/0.4500/0.3717 | LR: 0.000002
Epoch [91/100] | Loss: 1.5458 (Cls: 1.5458) | Train Acc: 0.7734 | Val Acc: 0.4231 | Val P/R/F1 (Macro): 0.4656/0.4500/0.3717 | LR: 0.000002
Epoch [92/100] | Loss: 1.5620 (Cls: 1.5620) | Train Acc: 0.7383 | Val Acc: 0.4231 | Val P/R/F1 (Macro): 0.4656/0.4500/0.3717 | LR: 0.000002
Epoch [93/100] | Loss: 1.5431 (Cls: 1.5431) | Train Acc: 0.7188 | Val Acc: 0.4231 | Val P/R/F1 (Macro): 0.4619/0.4500/0.3667 | LR: 0.000002
Epoch [94/100] | Loss: 1.5344 (Cls: 1.5344) | Train Acc: 0.7852 | Val Acc: 0.4231 | Val P/R/F1 (Macro): 0.5000/0.4417/0.3854 | LR: 0.000002
Epoch [95/100] | Loss: 1.5258 (Cls: 1.5258) | Train Acc: 0.8125 | Val Acc: 0.3462 | Val P/R/F1 (Macro): 0.4656/0.3667/0.3162 | LR: 0.000001
Epoch [96/100] | Loss: 1.5293 (Cls: 1.5293) | Train Acc: 0.7578 | Val Acc: 0.3462 | Val P/R/F1 (Macro): 0.4537/0.3667/0.3106 | LR: 0.000001
Epoch [97/100] | Loss: 1.5353 (Cls: 1.5353) | Train Acc: 0.7461 | Val Acc: 0.3846 | Val P/R/F1 (Macro): 0.4656/0.4083/0.3479 | LR: 0.000001
Epoch [98/100] | Loss: 1.5461 (Cls: 1.5461) | Train Acc: 0.7852 | Val Acc: 0.4231 | Val P/R/F1 (Macro): 0.4656/0.4500/0.3717 | LR: 0.000001
Epoch [99/100] | Loss: 1.5787 (Cls: 1.5787) | Train Acc: 0.7539 | Val Acc: 0.3077 | Val P/R/F1 (Macro): 0.2870/0.3333/0.2551 | LR: 0.000001
Epoch [100/100] | Loss: 1.5270 (Cls: 1.5270) | Train Acc: 0.7891 | Val Acc: 0.2692 | Val P/R/F1 (Macro): 0.2989/0.2833/0.2051 | LR: 0.000001
Report strategy: best, window=10, reported_acc=0.7308, best_acc=0.7308

迭代 1 报告指标:
  Accuracy: 0.7308
  Precision (Macro): 0.7444
  Recall (Macro): 0.8167
  F1 (Macro): 0.7460
  Precision (Micro): 0.7308
  Recall (Micro): 0.7308
  F1 (Micro): 0.7308
  Val class coverage: 6/14 (0.4286), samples=26

================================================================================
迭代 2/5
随机种子: 43
================================================================================
Training mode: unpaired target adaptation with controlled target-label loss (ratio=1.00, weight=2.10).
Fixed labeled target subset: 96/96 samples.
Epoch [1/100] | Loss: 5.0519 (Cls: 5.0519) | Train Acc: 0.0742 | Val Acc: 0.1923 | Val P/R/F1 (Macro): 0.0321/0.1667/0.0538 | LR: 0.000200
  >>> New Best Val Acc: 0.1923
Epoch [2/100] | Loss: 3.8862 (Cls: 3.8862) | Train Acc: 0.0742 | Val Acc: 0.0769 | Val P/R/F1 (Macro): 0.0256/0.1667/0.0444 | LR: 0.000200
Epoch [3/100] | Loss: 3.4387 (Cls: 3.4387) | Train Acc: 0.0820 | Val Acc: 0.2308 | Val P/R/F1 (Macro): 0.1381/0.3167/0.1832 | LR: 0.000200
  >>> New Best Val Acc: 0.2308
Epoch [4/100] | Loss: 2.9589 (Cls: 2.9589) | Train Acc: 0.0977 | Val Acc: 0.3077 | Val P/R/F1 (Macro): 0.3056/0.3500/0.2474 | LR: 0.000200
  >>> New Best Val Acc: 0.3077
Epoch [5/100] | Loss: 3.0115 (Cls: 3.0115) | Train Acc: 0.1289 | Val Acc: 0.5769 | Val P/R/F1 (Macro): 0.5939/0.6083/0.5184 | LR: 0.000200
  >>> New Best Val Acc: 0.5769
Epoch [6/100] | Loss: 2.8353 (Cls: 2.8353) | Train Acc: 0.1406 | Val Acc: 0.2308 | Val P/R/F1 (Macro): 0.1146/0.2833/0.1618 | LR: 0.000200
Epoch [7/100] | Loss: 2.8240 (Cls: 2.8240) | Train Acc: 0.1133 | Val Acc: 0.6154 | Val P/R/F1 (Macro): 0.7778/0.6792/0.6492 | LR: 0.000200
  >>> New Best Val Acc: 0.6154
Epoch [8/100] | Loss: 2.6959 (Cls: 2.6959) | Train Acc: 0.1641 | Val Acc: 0.3077 | Val P/R/F1 (Macro): 0.3079/0.4000/0.3005 | LR: 0.000200
Epoch [9/100] | Loss: 2.5777 (Cls: 2.5777) | Train Acc: 0.1523 | Val Acc: 0.4231 | Val P/R/F1 (Macro): 0.3165/0.4000/0.3020 | LR: 0.000200
Epoch [10/100] | Loss: 2.5016 (Cls: 2.5016) | Train Acc: 0.2188 | Val Acc: 0.3846 | Val P/R/F1 (Macro): 0.4213/0.5542/0.4138 | LR: 0.000200
Epoch [11/100] | Loss: 2.7617 (Cls: 2.7617) | Train Acc: 0.2266 | Val Acc: 0.3462 | Val P/R/F1 (Macro): 0.4583/0.3250/0.2869 | LR: 0.000200
Epoch [12/100] | Loss: 2.6250 (Cls: 2.6250) | Train Acc: 0.2656 | Val Acc: 0.3846 | Val P/R/F1 (Macro): 0.3175/0.4667/0.3611 | LR: 0.000200
Epoch [13/100] | Loss: 2.4708 (Cls: 2.4708) | Train Acc: 0.2930 | Val Acc: 0.2308 | Val P/R/F1 (Macro): 0.1217/0.2833/0.1674 | LR: 0.000200
Epoch [14/100] | Loss: 2.3759 (Cls: 2.3759) | Train Acc: 0.2578 | Val Acc: 0.3462 | Val P/R/F1 (Macro): 0.2241/0.3750/0.2283 | LR: 0.000200
Epoch [15/100] | Loss: 2.3197 (Cls: 2.3197) | Train Acc: 0.2461 | Val Acc: 0.1538 | Val P/R/F1 (Macro): 0.1481/0.2083/0.1212 | LR: 0.000200
Epoch [16/100] | Loss: 2.6471 (Cls: 2.6471) | Train Acc: 0.2539 | Val Acc: 0.4231 | Val P/R/F1 (Macro): 0.4414/0.4500/0.3502 | LR: 0.000200
Epoch [17/100] | Loss: 2.4066 (Cls: 2.4066) | Train Acc: 0.2148 | Val Acc: 0.3846 | Val P/R/F1 (Macro): 0.3722/0.5500/0.4333 | LR: 0.000200
Epoch [18/100] | Loss: 2.3097 (Cls: 2.3097) | Train Acc: 0.3008 | Val Acc: 0.2692 | Val P/R/F1 (Macro): 0.2087/0.3167/0.2454 | LR: 0.000100
Epoch [19/100] | Loss: 2.0678 (Cls: 2.0678) | Train Acc: 0.2656 | Val Acc: 0.3077 | Val P/R/F1 (Macro): 0.2365/0.4000/0.2828 | LR: 0.000100
Epoch [20/100] | Loss: 2.0555 (Cls: 2.0555) | Train Acc: 0.3516 | Val Acc: 0.4231 | Val P/R/F1 (Macro): 0.4259/0.4500/0.3801 | LR: 0.000100
Epoch [21/100] | Loss: 2.0743 (Cls: 2.0743) | Train Acc: 0.2891 | Val Acc: 0.5000 | Val P/R/F1 (Macro): 0.6048/0.5792/0.5287 | LR: 0.000100
Epoch [22/100] | Loss: 2.0352 (Cls: 2.0352) | Train Acc: 0.3750 | Val Acc: 0.3846 | Val P/R/F1 (Macro): 0.3667/0.4167/0.3333 | LR: 0.000100
Epoch [23/100] | Loss: 1.8880 (Cls: 1.8880) | Train Acc: 0.4336 | Val Acc: 0.3077 | Val P/R/F1 (Macro): 0.3369/0.3875/0.2582 | LR: 0.000100
Epoch [24/100] | Loss: 2.0062 (Cls: 2.0062) | Train Acc: 0.4141 | Val Acc: 0.2692 | Val P/R/F1 (Macro): 0.3208/0.2917/0.2481 | LR: 0.000100
Epoch [25/100] | Loss: 1.9394 (Cls: 1.9394) | Train Acc: 0.4648 | Val Acc: 0.2308 | Val P/R/F1 (Macro): 0.2556/0.3125/0.2287 | LR: 0.000100
Epoch [26/100] | Loss: 1.9282 (Cls: 1.9282) | Train Acc: 0.3828 | Val Acc: 0.3462 | Val P/R/F1 (Macro): 0.2500/0.3958/0.2751 | LR: 0.000100
Epoch [27/100] | Loss: 1.9924 (Cls: 1.9924) | Train Acc: 0.4961 | Val Acc: 0.3846 | Val P/R/F1 (Macro): 0.3081/0.4167/0.3132 | LR: 0.000100
Epoch [28/100] | Loss: 1.9112 (Cls: 1.9112) | Train Acc: 0.4844 | Val Acc: 0.3846 | Val P/R/F1 (Macro): 0.3754/0.3792/0.3363 | LR: 0.000100
Epoch [29/100] | Loss: 1.9906 (Cls: 1.9906) | Train Acc: 0.4453 | Val Acc: 0.3462 | Val P/R/F1 (Macro): 0.3519/0.3333/0.3081 | LR: 0.000050
Epoch [30/100] | Loss: 1.7954 (Cls: 1.7954) | Train Acc: 0.5117 | Val Acc: 0.4231 | Val P/R/F1 (Macro): 0.4032/0.4625/0.3737 | LR: 0.000050
Epoch [31/100] | Loss: 1.7971 (Cls: 1.7971) | Train Acc: 0.5547 | Val Acc: 0.3077 | Val P/R/F1 (Macro): 0.3148/0.3750/0.2606 | LR: 0.000050
Epoch [32/100] | Loss: 1.7282 (Cls: 1.7282) | Train Acc: 0.5273 | Val Acc: 0.3462 | Val P/R/F1 (Macro): 0.2704/0.3958/0.2857 | LR: 0.000050
Epoch [33/100] | Loss: 1.7770 (Cls: 1.7770) | Train Acc: 0.5586 | Val Acc: 0.5000 | Val P/R/F1 (Macro): 0.4591/0.4792/0.4266 | LR: 0.000050
Epoch [34/100] | Loss: 1.7935 (Cls: 1.7935) | Train Acc: 0.5430 | Val Acc: 0.3846 | Val P/R/F1 (Macro): 0.3704/0.4167/0.3384 | LR: 0.000050
Epoch [35/100] | Loss: 1.7466 (Cls: 1.7466) | Train Acc: 0.5195 | Val Acc: 0.4231 | Val P/R/F1 (Macro): 0.4365/0.4625/0.3923 | LR: 0.000050
Epoch [36/100] | Loss: 1.7489 (Cls: 1.7489) | Train Acc: 0.5742 | Val Acc: 0.3462 | Val P/R/F1 (Macro): 0.3370/0.3958/0.2997 | LR: 0.000050
Epoch [37/100] | Loss: 1.7168 (Cls: 1.7168) | Train Acc: 0.5547 | Val Acc: 0.3462 | Val P/R/F1 (Macro): 0.2954/0.3958/0.2921 | LR: 0.000050
Epoch [38/100] | Loss: 1.6402 (Cls: 1.6402) | Train Acc: 0.6484 | Val Acc: 0.3846 | Val P/R/F1 (Macro): 0.3704/0.4167/0.3384 | LR: 0.000050
Epoch [39/100] | Loss: 1.6689 (Cls: 1.6689) | Train Acc: 0.6094 | Val Acc: 0.3846 | Val P/R/F1 (Macro): 0.3704/0.4167/0.3384 | LR: 0.000050
Epoch [40/100] | Loss: 1.6937 (Cls: 1.6937) | Train Acc: 0.5898 | Val Acc: 0.3846 | Val P/R/F1 (Macro): 0.3704/0.4167/0.3384 | LR: 0.000025
Epoch [41/100] | Loss: 1.6353 (Cls: 1.6353) | Train Acc: 0.6016 | Val Acc: 0.3846 | Val P/R/F1 (Macro): 0.3704/0.4167/0.3384 | LR: 0.000025
Epoch [42/100] | Loss: 1.7050 (Cls: 1.7050) | Train Acc: 0.6602 | Val Acc: 0.3846 | Val P/R/F1 (Macro): 0.3704/0.4167/0.3384 | LR: 0.000025
Epoch [43/100] | Loss: 1.6730 (Cls: 1.6730) | Train Acc: 0.6719 | Val Acc: 0.3846 | Val P/R/F1 (Macro): 0.3704/0.4167/0.3384 | LR: 0.000025
Epoch [44/100] | Loss: 1.6095 (Cls: 1.6095) | Train Acc: 0.6602 | Val Acc: 0.3846 | Val P/R/F1 (Macro): 0.3704/0.4167/0.3384 | LR: 0.000025
Epoch [45/100] | Loss: 1.6517 (Cls: 1.6517) | Train Acc: 0.6250 | Val Acc: 0.3462 | Val P/R/F1 (Macro): 0.3370/0.3958/0.2997 | LR: 0.000025
Epoch [46/100] | Loss: 1.5949 (Cls: 1.5949) | Train Acc: 0.6641 | Val Acc: 0.3846 | Val P/R/F1 (Macro): 0.3704/0.4167/0.3384 | LR: 0.000025
Epoch [47/100] | Loss: 1.6157 (Cls: 1.6157) | Train Acc: 0.6758 | Val Acc: 0.3846 | Val P/R/F1 (Macro): 0.3370/0.4167/0.3298 | LR: 0.000025
Epoch [48/100] | Loss: 1.6433 (Cls: 1.6433) | Train Acc: 0.6328 | Val Acc: 0.3846 | Val P/R/F1 (Macro): 0.3148/0.4167/0.3225 | LR: 0.000025
Epoch [49/100] | Loss: 1.5929 (Cls: 1.5929) | Train Acc: 0.6836 | Val Acc: 0.3846 | Val P/R/F1 (Macro): 0.2989/0.4167/0.3162 | LR: 0.000025
Epoch [50/100] | Loss: 1.6380 (Cls: 1.6380) | Train Acc: 0.6836 | Val Acc: 0.3846 | Val P/R/F1 (Macro): 0.3704/0.4167/0.3384 | LR: 0.000025
Epoch [51/100] | Loss: 1.5790 (Cls: 1.5790) | Train Acc: 0.6914 | Val Acc: 0.3846 | Val P/R/F1 (Macro): 0.3704/0.4167/0.3384 | LR: 0.000013
Epoch [52/100] | Loss: 1.6315 (Cls: 1.6315) | Train Acc: 0.7383 | Val Acc: 0.3846 | Val P/R/F1 (Macro): 0.3704/0.4167/0.3384 | LR: 0.000013
Epoch [53/100] | Loss: 1.5911 (Cls: 1.5911) | Train Acc: 0.7773 | Val Acc: 0.3846 | Val P/R/F1 (Macro): 0.3704/0.4167/0.3384 | LR: 0.000013
Epoch [54/100] | Loss: 1.5811 (Cls: 1.5811) | Train Acc: 0.7539 | Val Acc: 0.3846 | Val P/R/F1 (Macro): 0.3704/0.4167/0.3384 | LR: 0.000013
Epoch [55/100] | Loss: 1.6257 (Cls: 1.6257) | Train Acc: 0.7422 | Val Acc: 0.3846 | Val P/R/F1 (Macro): 0.3704/0.4167/0.3384 | LR: 0.000013
Epoch [56/100] | Loss: 1.5882 (Cls: 1.5882) | Train Acc: 0.7148 | Val Acc: 0.3846 | Val P/R/F1 (Macro): 0.3370/0.4167/0.3298 | LR: 0.000013
Epoch [57/100] | Loss: 1.6057 (Cls: 1.6057) | Train Acc: 0.6875 | Val Acc: 0.3846 | Val P/R/F1 (Macro): 0.3148/0.4167/0.3225 | LR: 0.000013
Epoch [58/100] | Loss: 1.5250 (Cls: 1.5250) | Train Acc: 0.7617 | Val Acc: 0.3846 | Val P/R/F1 (Macro): 0.3704/0.4167/0.3384 | LR: 0.000013
Epoch [59/100] | Loss: 1.5968 (Cls: 1.5968) | Train Acc: 0.7344 | Val Acc: 0.3846 | Val P/R/F1 (Macro): 0.3148/0.4167/0.3225 | LR: 0.000013
Epoch [60/100] | Loss: 1.5324 (Cls: 1.5324) | Train Acc: 0.7852 | Val Acc: 0.3846 | Val P/R/F1 (Macro): 0.3148/0.4167/0.3225 | LR: 0.000013
Epoch [61/100] | Loss: 1.5887 (Cls: 1.5887) | Train Acc: 0.7266 | Val Acc: 0.3846 | Val P/R/F1 (Macro): 0.3148/0.4167/0.3225 | LR: 0.000013
Epoch [62/100] | Loss: 1.5457 (Cls: 1.5457) | Train Acc: 0.7422 | Val Acc: 0.3846 | Val P/R/F1 (Macro): 0.3704/0.4167/0.3384 | LR: 0.000006
Epoch [63/100] | Loss: 1.5785 (Cls: 1.5785) | Train Acc: 0.7500 | Val Acc: 0.3846 | Val P/R/F1 (Macro): 0.3704/0.4167/0.3384 | LR: 0.000006
Epoch [64/100] | Loss: 1.5347 (Cls: 1.5347) | Train Acc: 0.7656 | Val Acc: 0.3846 | Val P/R/F1 (Macro): 0.3704/0.4167/0.3384 | LR: 0.000006
Epoch [65/100] | Loss: 1.5772 (Cls: 1.5772) | Train Acc: 0.7500 | Val Acc: 0.3846 | Val P/R/F1 (Macro): 0.3370/0.4167/0.3298 | LR: 0.000006
Epoch [66/100] | Loss: 1.5472 (Cls: 1.5472) | Train Acc: 0.7656 | Val Acc: 0.3846 | Val P/R/F1 (Macro): 0.3704/0.4167/0.3384 | LR: 0.000006
Epoch [67/100] | Loss: 1.5597 (Cls: 1.5597) | Train Acc: 0.7227 | Val Acc: 0.3846 | Val P/R/F1 (Macro): 0.3704/0.4167/0.3384 | LR: 0.000006
Epoch [68/100] | Loss: 1.5266 (Cls: 1.5266) | Train Acc: 0.7773 | Val Acc: 0.3846 | Val P/R/F1 (Macro): 0.3704/0.4167/0.3384 | LR: 0.000006
Epoch [69/100] | Loss: 1.5470 (Cls: 1.5470) | Train Acc: 0.7461 | Val Acc: 0.3846 | Val P/R/F1 (Macro): 0.3704/0.4167/0.3384 | LR: 0.000006
Epoch [70/100] | Loss: 1.5444 (Cls: 1.5444) | Train Acc: 0.7656 | Val Acc: 0.3846 | Val P/R/F1 (Macro): 0.3704/0.4167/0.3384 | LR: 0.000006
Epoch [71/100] | Loss: 1.5652 (Cls: 1.5652) | Train Acc: 0.6797 | Val Acc: 0.4231 | Val P/R/F1 (Macro): 0.5370/0.4500/0.3939 | LR: 0.000006
Epoch [72/100] | Loss: 1.5600 (Cls: 1.5600) | Train Acc: 0.7734 | Val Acc: 0.3846 | Val P/R/F1 (Macro): 0.3704/0.4167/0.3384 | LR: 0.000006
Epoch [73/100] | Loss: 1.5223 (Cls: 1.5223) | Train Acc: 0.8281 | Val Acc: 0.3846 | Val P/R/F1 (Macro): 0.3704/0.4167/0.3384 | LR: 0.000003
Epoch [74/100] | Loss: 1.5361 (Cls: 1.5361) | Train Acc: 0.7578 | Val Acc: 0.3846 | Val P/R/F1 (Macro): 0.3704/0.4167/0.3384 | LR: 0.000003
Epoch [75/100] | Loss: 1.5543 (Cls: 1.5543) | Train Acc: 0.7539 | Val Acc: 0.3846 | Val P/R/F1 (Macro): 0.3704/0.4167/0.3384 | LR: 0.000003
Epoch [76/100] | Loss: 1.5350 (Cls: 1.5350) | Train Acc: 0.8008 | Val Acc: 0.3846 | Val P/R/F1 (Macro): 0.3704/0.4167/0.3384 | LR: 0.000003
Epoch [77/100] | Loss: 1.5119 (Cls: 1.5119) | Train Acc: 0.7969 | Val Acc: 0.3846 | Val P/R/F1 (Macro): 0.3704/0.4167/0.3384 | LR: 0.000003
Epoch [78/100] | Loss: 1.5680 (Cls: 1.5680) | Train Acc: 0.7734 | Val Acc: 0.3846 | Val P/R/F1 (Macro): 0.3704/0.4167/0.3384 | LR: 0.000003
Epoch [79/100] | Loss: 1.5297 (Cls: 1.5297) | Train Acc: 0.7539 | Val Acc: 0.3846 | Val P/R/F1 (Macro): 0.3704/0.4167/0.3384 | LR: 0.000003
Epoch [80/100] | Loss: 1.5664 (Cls: 1.5664) | Train Acc: 0.7070 | Val Acc: 0.3846 | Val P/R/F1 (Macro): 0.3704/0.4167/0.3384 | LR: 0.000003
Epoch [81/100] | Loss: 1.6070 (Cls: 1.6070) | Train Acc: 0.7656 | Val Acc: 0.4231 | Val P/R/F1 (Macro): 0.5370/0.4500/0.3939 | LR: 0.000003
Epoch [82/100] | Loss: 1.5529 (Cls: 1.5529) | Train Acc: 0.7422 | Val Acc: 0.4231 | Val P/R/F1 (Macro): 0.5370/0.4500/0.3939 | LR: 0.000003
Epoch [83/100] | Loss: 1.5435 (Cls: 1.5435) | Train Acc: 0.7617 | Val Acc: 0.3846 | Val P/R/F1 (Macro): 0.3704/0.4167/0.3384 | LR: 0.000003
Epoch [84/100] | Loss: 1.5993 (Cls: 1.5993) | Train Acc: 0.7422 | Val Acc: 0.3846 | Val P/R/F1 (Macro): 0.3704/0.4167/0.3384 | LR: 0.000002
Epoch [85/100] | Loss: 1.5381 (Cls: 1.5381) | Train Acc: 0.7500 | Val Acc: 0.3846 | Val P/R/F1 (Macro): 0.3704/0.4167/0.3384 | LR: 0.000002
Epoch [86/100] | Loss: 1.5221 (Cls: 1.5221) | Train Acc: 0.7578 | Val Acc: 0.3846 | Val P/R/F1 (Macro): 0.3704/0.4167/0.3384 | LR: 0.000002
Epoch [87/100] | Loss: 1.5294 (Cls: 1.5294) | Train Acc: 0.7852 | Val Acc: 0.3846 | Val P/R/F1 (Macro): 0.3704/0.4167/0.3384 | LR: 0.000002
Epoch [88/100] | Loss: 1.5184 (Cls: 1.5184) | Train Acc: 0.7891 | Val Acc: 0.3846 | Val P/R/F1 (Macro): 0.3704/0.4167/0.3384 | LR: 0.000002
Epoch [89/100] | Loss: 1.5245 (Cls: 1.5245) | Train Acc: 0.7617 | Val Acc: 0.3846 | Val P/R/F1 (Macro): 0.3704/0.4167/0.3384 | LR: 0.000002
Epoch [90/100] | Loss: 1.5531 (Cls: 1.5531) | Train Acc: 0.6914 | Val Acc: 0.3846 | Val P/R/F1 (Macro): 0.3704/0.4167/0.3384 | LR: 0.000002
Epoch [91/100] | Loss: 1.5126 (Cls: 1.5126) | Train Acc: 0.7891 | Val Acc: 0.3846 | Val P/R/F1 (Macro): 0.3704/0.4167/0.3384 | LR: 0.000002
Epoch [92/100] | Loss: 1.5141 (Cls: 1.5141) | Train Acc: 0.8008 | Val Acc: 0.3846 | Val P/R/F1 (Macro): 0.3704/0.4167/0.3384 | LR: 0.000002
Epoch [93/100] | Loss: 1.5454 (Cls: 1.5454) | Train Acc: 0.7383 | Val Acc: 0.3846 | Val P/R/F1 (Macro): 0.3704/0.4167/0.3384 | LR: 0.000002
Epoch [94/100] | Loss: 1.5538 (Cls: 1.5538) | Train Acc: 0.7500 | Val Acc: 0.3846 | Val P/R/F1 (Macro): 0.3704/0.4167/0.3384 | LR: 0.000002
Epoch [95/100] | Loss: 1.5161 (Cls: 1.5161) | Train Acc: 0.7539 | Val Acc: 0.3846 | Val P/R/F1 (Macro): 0.3704/0.4167/0.3384 | LR: 0.000001
Epoch [96/100] | Loss: 1.5053 (Cls: 1.5053) | Train Acc: 0.8203 | Val Acc: 0.3846 | Val P/R/F1 (Macro): 0.3704/0.4167/0.3384 | LR: 0.000001
Epoch [97/100] | Loss: 1.5449 (Cls: 1.5449) | Train Acc: 0.8164 | Val Acc: 0.3846 | Val P/R/F1 (Macro): 0.3704/0.4167/0.3384 | LR: 0.000001
Epoch [98/100] | Loss: 1.5403 (Cls: 1.5403) | Train Acc: 0.7578 | Val Acc: 0.3846 | Val P/R/F1 (Macro): 0.3704/0.4167/0.3384 | LR: 0.000001
Epoch [99/100] | Loss: 1.5246 (Cls: 1.5246) | Train Acc: 0.7734 | Val Acc: 0.3846 | Val P/R/F1 (Macro): 0.3704/0.4167/0.3384 | LR: 0.000001
Epoch [100/100] | Loss: 1.5757 (Cls: 1.5757) | Train Acc: 0.7578 | Val Acc: 0.3846 | Val P/R/F1 (Macro): 0.3704/0.4167/0.3384 | LR: 0.000001
Report strategy: best, window=10, reported_acc=0.6154, best_acc=0.6154

迭代 2 报告指标:
  Accuracy: 0.6154
  Precision (Macro): 0.7778
  Recall (Macro): 0.6792
  F1 (Macro): 0.6492
  Precision (Micro): 0.6154
  Recall (Micro): 0.6154
  F1 (Micro): 0.6154
  Val class coverage: 6/14 (0.4286), samples=26

================================================================================
迭代 3/5
随机种子: 44
================================================================================
Training mode: unpaired target adaptation with controlled target-label loss (ratio=1.00, weight=2.10).
Fixed labeled target subset: 96/96 samples.
Epoch [1/100] | Loss: 5.2465 (Cls: 5.2465) | Train Acc: 0.0977 | Val Acc: 0.0769 | Val P/R/F1 (Macro): 0.0128/0.1667/0.0238 | LR: 0.000200
  >>> New Best Val Acc: 0.0769
Epoch [2/100] | Loss: 3.9453 (Cls: 3.9453) | Train Acc: 0.1406 | Val Acc: 0.1538 | Val P/R/F1 (Macro): 0.1090/0.2500/0.1278 | LR: 0.000200
  >>> New Best Val Acc: 0.1538
Epoch [3/100] | Loss: 3.3965 (Cls: 3.3965) | Train Acc: 0.1133 | Val Acc: 0.4231 | Val P/R/F1 (Macro): 0.4970/0.4500/0.3661 | LR: 0.000200
  >>> New Best Val Acc: 0.4231
Epoch [4/100] | Loss: 3.2063 (Cls: 3.2063) | Train Acc: 0.1289 | Val Acc: 0.4231 | Val P/R/F1 (Macro): 0.4389/0.5500/0.4111 | LR: 0.000200
Epoch [5/100] | Loss: 3.0400 (Cls: 3.0400) | Train Acc: 0.1680 | Val Acc: 0.1923 | Val P/R/F1 (Macro): 0.0833/0.2500/0.1230 | LR: 0.000200
Epoch [6/100] | Loss: 2.8627 (Cls: 2.8627) | Train Acc: 0.1172 | Val Acc: 0.4231 | Val P/R/F1 (Macro): 0.3417/0.5000/0.3668 | LR: 0.000200
Epoch [7/100] | Loss: 2.7620 (Cls: 2.7620) | Train Acc: 0.1211 | Val Acc: 0.4615 | Val P/R/F1 (Macro): 0.4278/0.5333/0.3952 | LR: 0.000200
  >>> New Best Val Acc: 0.4615
Epoch [8/100] | Loss: 2.5768 (Cls: 2.5768) | Train Acc: 0.1484 | Val Acc: 0.4231 | Val P/R/F1 (Macro): 0.3194/0.5000/0.3562 | LR: 0.000200
Epoch [9/100] | Loss: 2.6013 (Cls: 2.6013) | Train Acc: 0.1406 | Val Acc: 0.3462 | Val P/R/F1 (Macro): 0.4821/0.4833/0.3722 | LR: 0.000200
Epoch [10/100] | Loss: 2.4210 (Cls: 2.4210) | Train Acc: 0.1602 | Val Acc: 0.2692 | Val P/R/F1 (Macro): 0.1349/0.2833/0.1785 | LR: 0.000200
Epoch [11/100] | Loss: 2.4527 (Cls: 2.4527) | Train Acc: 0.2734 | Val Acc: 0.4231 | Val P/R/F1 (Macro): 0.6037/0.5125/0.4523 | LR: 0.000200
Epoch [12/100] | Loss: 2.3173 (Cls: 2.3173) | Train Acc: 0.2500 | Val Acc: 0.4231 | Val P/R/F1 (Macro): 0.4889/0.5500/0.4654 | LR: 0.000200
Epoch [13/100] | Loss: 2.7536 (Cls: 2.7536) | Train Acc: 0.2227 | Val Acc: 0.5000 | Val P/R/F1 (Macro): 0.4667/0.5167/0.4313 | LR: 0.000200
  >>> New Best Val Acc: 0.5000
Epoch [14/100] | Loss: 2.3412 (Cls: 2.3412) | Train Acc: 0.2305 | Val Acc: 0.4615 | Val P/R/F1 (Macro): 0.4636/0.4958/0.4199 | LR: 0.000200
Epoch [15/100] | Loss: 2.2389 (Cls: 2.2389) | Train Acc: 0.3555 | Val Acc: 0.2692 | Val P/R/F1 (Macro): 0.1692/0.3542/0.1927 | LR: 0.000200
Epoch [16/100] | Loss: 2.3463 (Cls: 2.3463) | Train Acc: 0.3008 | Val Acc: 0.3077 | Val P/R/F1 (Macro): 0.2722/0.3500/0.3000 | LR: 0.000200
Epoch [17/100] | Loss: 2.1658 (Cls: 2.1658) | Train Acc: 0.2930 | Val Acc: 0.2692 | Val P/R/F1 (Macro): 0.2803/0.3667/0.2179 | LR: 0.000200
Epoch [18/100] | Loss: 2.0905 (Cls: 2.0905) | Train Acc: 0.4492 | Val Acc: 0.3077 | Val P/R/F1 (Macro): 0.2500/0.2667/0.2269 | LR: 0.000200
Epoch [19/100] | Loss: 2.2027 (Cls: 2.2027) | Train Acc: 0.4023 | Val Acc: 0.3462 | Val P/R/F1 (Macro): 0.4583/0.4833/0.3841 | LR: 0.000200
Epoch [20/100] | Loss: 2.1575 (Cls: 2.1575) | Train Acc: 0.4414 | Val Acc: 0.5000 | Val P/R/F1 (Macro): 0.7037/0.5667/0.5447 | LR: 0.000200
Epoch [21/100] | Loss: 2.0812 (Cls: 2.0812) | Train Acc: 0.4062 | Val Acc: 0.2692 | Val P/R/F1 (Macro): 0.4370/0.3375/0.2670 | LR: 0.000200
Epoch [22/100] | Loss: 2.0759 (Cls: 2.0759) | Train Acc: 0.4727 | Val Acc: 0.2308 | Val P/R/F1 (Macro): 0.2625/0.2625/0.1736 | LR: 0.000200
Epoch [23/100] | Loss: 1.9121 (Cls: 1.9121) | Train Acc: 0.4648 | Val Acc: 0.4231 | Val P/R/F1 (Macro): 0.4250/0.4625/0.3815 | LR: 0.000200
Epoch [24/100] | Loss: 1.8812 (Cls: 1.8812) | Train Acc: 0.5000 | Val Acc: 0.3846 | Val P/R/F1 (Macro): 0.3845/0.4208/0.3340 | LR: 0.000100
Epoch [25/100] | Loss: 1.9101 (Cls: 1.9101) | Train Acc: 0.5039 | Val Acc: 0.2692 | Val P/R/F1 (Macro): 0.4365/0.4000/0.3471 | LR: 0.000100
Epoch [26/100] | Loss: 1.8612 (Cls: 1.8612) | Train Acc: 0.5195 | Val Acc: 0.3462 | Val P/R/F1 (Macro): 0.5093/0.4667/0.4206 | LR: 0.000100
Epoch [27/100] | Loss: 1.7816 (Cls: 1.7816) | Train Acc: 0.5977 | Val Acc: 0.3077 | Val P/R/F1 (Macro): 0.4370/0.3250/0.2569 | LR: 0.000100
Epoch [28/100] | Loss: 1.7658 (Cls: 1.7658) | Train Acc: 0.5391 | Val Acc: 0.5000 | Val P/R/F1 (Macro): 0.6528/0.5667/0.5349 | LR: 0.000100
Epoch [29/100] | Loss: 1.7902 (Cls: 1.7902) | Train Acc: 0.5664 | Val Acc: 0.3077 | Val P/R/F1 (Macro): 0.2407/0.4500/0.2995 | LR: 0.000100
Epoch [30/100] | Loss: 1.7411 (Cls: 1.7411) | Train Acc: 0.5977 | Val Acc: 0.3462 | Val P/R/F1 (Macro): 0.2538/0.4333/0.3125 | LR: 0.000100
Epoch [31/100] | Loss: 1.7621 (Cls: 1.7621) | Train Acc: 0.5586 | Val Acc: 0.3462 | Val P/R/F1 (Macro): 0.2196/0.3958/0.2606 | LR: 0.000100
Epoch [32/100] | Loss: 1.7203 (Cls: 1.7203) | Train Acc: 0.6055 | Val Acc: 0.3846 | Val P/R/F1 (Macro): 0.5694/0.4333/0.4017 | LR: 0.000100
Epoch [33/100] | Loss: 1.6463 (Cls: 1.6463) | Train Acc: 0.6562 | Val Acc: 0.2308 | Val P/R/F1 (Macro): 0.1577/0.2708/0.1976 | LR: 0.000100
Epoch [34/100] | Loss: 1.6768 (Cls: 1.6768) | Train Acc: 0.6641 | Val Acc: 0.4615 | Val P/R/F1 (Macro): 0.4976/0.5833/0.4778 | LR: 0.000100
Epoch [35/100] | Loss: 1.6638 (Cls: 1.6638) | Train Acc: 0.6602 | Val Acc: 0.5000 | Val P/R/F1 (Macro): 0.5333/0.5167/0.4583 | LR: 0.000050
Epoch [36/100] | Loss: 1.6485 (Cls: 1.6485) | Train Acc: 0.6641 | Val Acc: 0.3077 | Val P/R/F1 (Macro): 0.2741/0.4000/0.2534 | LR: 0.000050
Epoch [37/100] | Loss: 1.6749 (Cls: 1.6749) | Train Acc: 0.6758 | Val Acc: 0.3462 | Val P/R/F1 (Macro): 0.4491/0.4833/0.3756 | LR: 0.000050
Epoch [38/100] | Loss: 1.5984 (Cls: 1.5984) | Train Acc: 0.7422 | Val Acc: 0.5000 | Val P/R/F1 (Macro): 0.6028/0.6292/0.5222 | LR: 0.000050
Epoch [39/100] | Loss: 1.6634 (Cls: 1.6634) | Train Acc: 0.6758 | Val Acc: 0.5385 | Val P/R/F1 (Macro): 0.7226/0.6000/0.5867 | LR: 0.000050
  >>> New Best Val Acc: 0.5385
Epoch [40/100] | Loss: 1.5593 (Cls: 1.5593) | Train Acc: 0.7695 | Val Acc: 0.4615 | Val P/R/F1 (Macro): 0.5370/0.4833/0.4336 | LR: 0.000050
Epoch [41/100] | Loss: 1.6143 (Cls: 1.6143) | Train Acc: 0.7031 | Val Acc: 0.2692 | Val P/R/F1 (Macro): 0.1491/0.3667/0.2026 | LR: 0.000050
Epoch [42/100] | Loss: 1.5845 (Cls: 1.5845) | Train Acc: 0.7539 | Val Acc: 0.4231 | Val P/R/F1 (Macro): 0.4500/0.5750/0.4722 | LR: 0.000050
Epoch [43/100] | Loss: 1.6188 (Cls: 1.6188) | Train Acc: 0.6367 | Val Acc: 0.3462 | Val P/R/F1 (Macro): 0.4537/0.3875/0.3245 | LR: 0.000050
Epoch [44/100] | Loss: 1.6762 (Cls: 1.6762) | Train Acc: 0.7422 | Val Acc: 0.3846 | Val P/R/F1 (Macro): 0.3981/0.4417/0.3276 | LR: 0.000050
Epoch [45/100] | Loss: 1.6309 (Cls: 1.6309) | Train Acc: 0.7500 | Val Acc: 0.3462 | Val P/R/F1 (Macro): 0.2480/0.4083/0.2892 | LR: 0.000050
Epoch [46/100] | Loss: 1.6712 (Cls: 1.6712) | Train Acc: 0.7227 | Val Acc: 0.2692 | Val P/R/F1 (Macro): 0.2037/0.3542/0.2051 | LR: 0.000050
Epoch [47/100] | Loss: 1.5689 (Cls: 1.5689) | Train Acc: 0.7539 | Val Acc: 0.4231 | Val P/R/F1 (Macro): 0.5417/0.4625/0.3946 | LR: 0.000050
Epoch [48/100] | Loss: 1.5526 (Cls: 1.5526) | Train Acc: 0.7305 | Val Acc: 0.3077 | Val P/R/F1 (Macro): 0.2063/0.3750/0.2522 | LR: 0.000050
Epoch [49/100] | Loss: 1.5968 (Cls: 1.5968) | Train Acc: 0.7930 | Val Acc: 0.3846 | Val P/R/F1 (Macro): 0.4484/0.4917/0.4036 | LR: 0.000050
Epoch [50/100] | Loss: 1.5671 (Cls: 1.5671) | Train Acc: 0.7305 | Val Acc: 0.3077 | Val P/R/F1 (Macro): 0.2222/0.3750/0.2238 | LR: 0.000025
Epoch [51/100] | Loss: 1.5827 (Cls: 1.5827) | Train Acc: 0.7812 | Val Acc: 0.3846 | Val P/R/F1 (Macro): 0.3671/0.4917/0.3662 | LR: 0.000025
Epoch [52/100] | Loss: 1.5387 (Cls: 1.5387) | Train Acc: 0.7539 | Val Acc: 0.3462 | Val P/R/F1 (Macro): 0.3313/0.4583/0.3318 | LR: 0.000025
Epoch [53/100] | Loss: 1.5329 (Cls: 1.5329) | Train Acc: 0.7383 | Val Acc: 0.3846 | Val P/R/F1 (Macro): 0.4980/0.4917/0.3874 | LR: 0.000025
Epoch [54/100] | Loss: 1.5372 (Cls: 1.5372) | Train Acc: 0.8203 | Val Acc: 0.3846 | Val P/R/F1 (Macro): 0.3929/0.4917/0.3809 | LR: 0.000025
Epoch [55/100] | Loss: 1.5599 (Cls: 1.5599) | Train Acc: 0.7656 | Val Acc: 0.4231 | Val P/R/F1 (Macro): 0.5500/0.4625/0.3983 | LR: 0.000025
Epoch [56/100] | Loss: 1.5226 (Cls: 1.5226) | Train Acc: 0.7383 | Val Acc: 0.3846 | Val P/R/F1 (Macro): 0.4345/0.4917/0.3823 | LR: 0.000025
Epoch [57/100] | Loss: 1.5814 (Cls: 1.5814) | Train Acc: 0.8203 | Val Acc: 0.4615 | Val P/R/F1 (Macro): 0.6032/0.5958/0.4872 | LR: 0.000025
Epoch [58/100] | Loss: 1.5675 (Cls: 1.5675) | Train Acc: 0.7617 | Val Acc: 0.3462 | Val P/R/F1 (Macro): 0.2741/0.3333/0.2927 | LR: 0.000025
Epoch [59/100] | Loss: 1.5520 (Cls: 1.5520) | Train Acc: 0.7773 | Val Acc: 0.4615 | Val P/R/F1 (Macro): 0.5750/0.4833/0.4333 | LR: 0.000025
Epoch [60/100] | Loss: 1.5283 (Cls: 1.5283) | Train Acc: 0.7695 | Val Acc: 0.4231 | Val P/R/F1 (Macro): 0.5870/0.5125/0.4386 | LR: 0.000025
Epoch [61/100] | Loss: 1.5037 (Cls: 1.5037) | Train Acc: 0.7891 | Val Acc: 0.3846 | Val P/R/F1 (Macro): 0.4206/0.5417/0.3953 | LR: 0.000013
Epoch [62/100] | Loss: 1.5426 (Cls: 1.5426) | Train Acc: 0.7969 | Val Acc: 0.4231 | Val P/R/F1 (Macro): 0.4861/0.5750/0.4537 | LR: 0.000013
Epoch [63/100] | Loss: 1.5385 (Cls: 1.5385) | Train Acc: 0.8125 | Val Acc: 0.3846 | Val P/R/F1 (Macro): 0.4484/0.4917/0.4036 | LR: 0.000013
Epoch [64/100] | Loss: 1.5089 (Cls: 1.5089) | Train Acc: 0.7969 | Val Acc: 0.4231 | Val P/R/F1 (Macro): 0.5476/0.5125/0.4576 | LR: 0.000013
Epoch [65/100] | Loss: 1.4804 (Cls: 1.4804) | Train Acc: 0.8438 | Val Acc: 0.4231 | Val P/R/F1 (Macro): 0.5560/0.5125/0.4613 | LR: 0.000013
Epoch [66/100] | Loss: 1.5239 (Cls: 1.5239) | Train Acc: 0.7695 | Val Acc: 0.3462 | Val P/R/F1 (Macro): 0.3406/0.4083/0.2855 | LR: 0.000013
Epoch [67/100] | Loss: 1.5164 (Cls: 1.5164) | Train Acc: 0.7891 | Val Acc: 0.3462 | Val P/R/F1 (Macro): 0.4028/0.4583/0.3500 | LR: 0.000013
Epoch [68/100] | Loss: 1.4953 (Cls: 1.4953) | Train Acc: 0.8320 | Val Acc: 0.3462 | Val P/R/F1 (Macro): 0.4861/0.4583/0.3778 | LR: 0.000013
Epoch [69/100] | Loss: 1.4865 (Cls: 1.4865) | Train Acc: 0.8008 | Val Acc: 0.4231 | Val P/R/F1 (Macro): 0.4583/0.5750/0.4315 | LR: 0.000013
Epoch [70/100] | Loss: 1.5200 (Cls: 1.5200) | Train Acc: 0.8047 | Val Acc: 0.3846 | Val P/R/F1 (Macro): 0.3512/0.4917/0.3712 | LR: 0.000013
Epoch [71/100] | Loss: 1.4837 (Cls: 1.4837) | Train Acc: 0.8320 | Val Acc: 0.3846 | Val P/R/F1 (Macro): 0.4262/0.4917/0.3786 | LR: 0.000013
Epoch [72/100] | Loss: 1.5337 (Cls: 1.5337) | Train Acc: 0.7969 | Val Acc: 0.3846 | Val P/R/F1 (Macro): 0.5060/0.4917/0.4000 | LR: 0.000006
Epoch [73/100] | Loss: 1.4875 (Cls: 1.4875) | Train Acc: 0.7930 | Val Acc: 0.5000 | Val P/R/F1 (Macro): 0.6925/0.6417/0.5702 | LR: 0.000006
Epoch [74/100] | Loss: 1.4925 (Cls: 1.4925) | Train Acc: 0.8438 | Val Acc: 0.4231 | Val P/R/F1 (Macro): 0.4861/0.5750/0.4537 | LR: 0.000006
Epoch [75/100] | Loss: 1.5043 (Cls: 1.5043) | Train Acc: 0.8047 | Val Acc: 0.5000 | Val P/R/F1 (Macro): 0.7083/0.6417/0.5823 | LR: 0.000006
Epoch [76/100] | Loss: 1.4973 (Cls: 1.4973) | Train Acc: 0.8359 | Val Acc: 0.3846 | Val P/R/F1 (Macro): 0.4365/0.5417/0.4074 | LR: 0.000006
Epoch [77/100] | Loss: 1.5249 (Cls: 1.5249) | Train Acc: 0.7930 | Val Acc: 0.4231 | Val P/R/F1 (Macro): 0.4861/0.5750/0.4537 | LR: 0.000006
Epoch [78/100] | Loss: 1.5217 (Cls: 1.5217) | Train Acc: 0.8281 | Val Acc: 0.4231 | Val P/R/F1 (Macro): 0.4861/0.5750/0.4537 | LR: 0.000006
Epoch [79/100] | Loss: 1.4955 (Cls: 1.4955) | Train Acc: 0.7930 | Val Acc: 0.4231 | Val P/R/F1 (Macro): 0.4861/0.5750/0.4537 | LR: 0.000006
Epoch [80/100] | Loss: 1.4775 (Cls: 1.4775) | Train Acc: 0.8477 | Val Acc: 0.3846 | Val P/R/F1 (Macro): 0.5337/0.4917/0.4222 | LR: 0.000006
Epoch [81/100] | Loss: 1.4771 (Cls: 1.4771) | Train Acc: 0.8242 | Val Acc: 0.3846 | Val P/R/F1 (Macro): 0.4504/0.4917/0.3944 | LR: 0.000006
Epoch [82/100] | Loss: 1.5043 (Cls: 1.5043) | Train Acc: 0.8047 | Val Acc: 0.4231 | Val P/R/F1 (Macro): 0.4702/0.5750/0.4416 | LR: 0.000006
Epoch [83/100] | Loss: 1.5035 (Cls: 1.5035) | Train Acc: 0.7539 | Val Acc: 0.4231 | Val P/R/F1 (Macro): 0.4702/0.5750/0.4416 | LR: 0.000003
Epoch [84/100] | Loss: 1.4906 (Cls: 1.4906) | Train Acc: 0.8242 | Val Acc: 0.4231 | Val P/R/F1 (Macro): 0.4861/0.5750/0.4537 | LR: 0.000003
Epoch [85/100] | Loss: 1.4916 (Cls: 1.4916) | Train Acc: 0.8047 | Val Acc: 0.4231 | Val P/R/F1 (Macro): 0.4861/0.5750/0.4537 | LR: 0.000003
Epoch [86/100] | Loss: 1.4634 (Cls: 1.4634) | Train Acc: 0.8633 | Val Acc: 0.4231 | Val P/R/F1 (Macro): 0.4861/0.5750/0.4537 | LR: 0.000003
Epoch [87/100] | Loss: 1.4959 (Cls: 1.4959) | Train Acc: 0.7930 | Val Acc: 0.4231 | Val P/R/F1 (Macro): 0.6171/0.5250/0.4500 | LR: 0.000003
Epoch [88/100] | Loss: 1.4735 (Cls: 1.4735) | Train Acc: 0.8320 | Val Acc: 0.3846 | Val P/R/F1 (Macro): 0.4504/0.4917/0.3944 | LR: 0.000003
Epoch [89/100] | Loss: 1.4809 (Cls: 1.4809) | Train Acc: 0.8281 | Val Acc: 0.3846 | Val P/R/F1 (Macro): 0.5476/0.4917/0.4269 | LR: 0.000003
Epoch [90/100] | Loss: 1.4729 (Cls: 1.4729) | Train Acc: 0.8203 | Val Acc: 0.3846 | Val P/R/F1 (Macro): 0.4504/0.4917/0.3944 | LR: 0.000003
Epoch [91/100] | Loss: 1.4764 (Cls: 1.4764) | Train Acc: 0.8203 | Val Acc: 0.4231 | Val P/R/F1 (Macro): 0.6171/0.5250/0.4500 | LR: 0.000003
Epoch [92/100] | Loss: 1.4780 (Cls: 1.4780) | Train Acc: 0.8164 | Val Acc: 0.4231 | Val P/R/F1 (Macro): 0.4861/0.5750/0.4537 | LR: 0.000003
Epoch [93/100] | Loss: 1.4943 (Cls: 1.4943) | Train Acc: 0.8125 | Val Acc: 0.4231 | Val P/R/F1 (Macro): 0.6171/0.5250/0.4500 | LR: 0.000003
Epoch [94/100] | Loss: 1.4836 (Cls: 1.4836) | Train Acc: 0.8398 | Val Acc: 0.4231 | Val P/R/F1 (Macro): 0.4778/0.5750/0.4500 | LR: 0.000002
Epoch [95/100] | Loss: 1.4788 (Cls: 1.4788) | Train Acc: 0.8320 | Val Acc: 0.3846 | Val P/R/F1 (Macro): 0.4504/0.4917/0.3944 | LR: 0.000002
Epoch [96/100] | Loss: 1.4745 (Cls: 1.4745) | Train Acc: 0.8242 | Val Acc: 0.4231 | Val P/R/F1 (Macro): 0.4778/0.5750/0.4500 | LR: 0.000002
Epoch [97/100] | Loss: 1.4634 (Cls: 1.4634) | Train Acc: 0.8750 | Val Acc: 0.4231 | Val P/R/F1 (Macro): 0.4861/0.5750/0.4537 | LR: 0.000002
Epoch [98/100] | Loss: 1.4806 (Cls: 1.4806) | Train Acc: 0.8320 | Val Acc: 0.4231 | Val P/R/F1 (Macro): 0.4778/0.5750/0.4500 | LR: 0.000002
Epoch [99/100] | Loss: 1.4773 (Cls: 1.4773) | Train Acc: 0.8359 | Val Acc: 0.4231 | Val P/R/F1 (Macro): 0.4778/0.5750/0.4500 | LR: 0.000002
Epoch [100/100] | Loss: 1.4736 (Cls: 1.4736) | Train Acc: 0.8359 | Val Acc: 0.4231 | Val P/R/F1 (Macro): 0.4778/0.5750/0.4500 | LR: 0.000002
Report strategy: best, window=10, reported_acc=0.5385, best_acc=0.5385

迭代 3 报告指标:
  Accuracy: 0.5385
  Precision (Macro): 0.7226
  Recall (Macro): 0.6000
  F1 (Macro): 0.5867
  Precision (Micro): 0.5385
  Recall (Micro): 0.5385
  F1 (Micro): 0.5385
  Val class coverage: 6/14 (0.4286), samples=26

================================================================================
迭代 4/5
随机种子: 45
================================================================================
Training mode: unpaired target adaptation with controlled target-label loss (ratio=1.00, weight=2.10).
Fixed labeled target subset: 96/96 samples.
Epoch [1/100] | Loss: 4.9844 (Cls: 4.9844) | Train Acc: 0.1133 | Val Acc: 0.1923 | Val P/R/F1 (Macro): 0.0321/0.1667/0.0538 | LR: 0.000200
  >>> New Best Val Acc: 0.1923
Epoch [2/100] | Loss: 4.1550 (Cls: 4.1550) | Train Acc: 0.0859 | Val Acc: 0.1923 | Val P/R/F1 (Macro): 0.0347/0.1667/0.0575 | LR: 0.000200
Epoch [3/100] | Loss: 3.4847 (Cls: 3.4847) | Train Acc: 0.0938 | Val Acc: 0.2308 | Val P/R/F1 (Macro): 0.1019/0.3333/0.1502 | LR: 0.000200
  >>> New Best Val Acc: 0.2308
Epoch [4/100] | Loss: 3.3573 (Cls: 3.3573) | Train Acc: 0.1211 | Val Acc: 0.5000 | Val P/R/F1 (Macro): 0.5667/0.5667/0.4960 | LR: 0.000200
  >>> New Best Val Acc: 0.5000
Epoch [5/100] | Loss: 2.9942 (Cls: 2.9942) | Train Acc: 0.1602 | Val Acc: 0.3077 | Val P/R/F1 (Macro): 0.2803/0.4000/0.2576 | LR: 0.000200
Epoch [6/100] | Loss: 2.8172 (Cls: 2.8172) | Train Acc: 0.1406 | Val Acc: 0.5000 | Val P/R/F1 (Macro): 0.5921/0.6292/0.5214 | LR: 0.000200
Epoch [7/100] | Loss: 2.6989 (Cls: 2.6989) | Train Acc: 0.1445 | Val Acc: 0.4231 | Val P/R/F1 (Macro): 0.4773/0.6000/0.4352 | LR: 0.000200
Epoch [8/100] | Loss: 2.4618 (Cls: 2.4618) | Train Acc: 0.2227 | Val Acc: 0.3846 | Val P/R/F1 (Macro): 0.5046/0.4417/0.3460 | LR: 0.000200
Epoch [9/100] | Loss: 2.4490 (Cls: 2.4490) | Train Acc: 0.1992 | Val Acc: 0.4615 | Val P/R/F1 (Macro): 0.5454/0.4958/0.4319 | LR: 0.000200
Epoch [10/100] | Loss: 2.4811 (Cls: 2.4811) | Train Acc: 0.2070 | Val Acc: 0.4231 | Val P/R/F1 (Macro): 0.4627/0.4000/0.3588 | LR: 0.000200
Epoch [11/100] | Loss: 2.3103 (Cls: 2.3103) | Train Acc: 0.2344 | Val Acc: 0.2692 | Val P/R/F1 (Macro): 0.2833/0.3667/0.2222 | LR: 0.000200
Epoch [12/100] | Loss: 2.5298 (Cls: 2.5298) | Train Acc: 0.2266 | Val Acc: 0.3846 | Val P/R/F1 (Macro): 0.3591/0.4667/0.3437 | LR: 0.000200
Epoch [13/100] | Loss: 2.3937 (Cls: 2.3937) | Train Acc: 0.2695 | Val Acc: 0.3462 | Val P/R/F1 (Macro): 0.2444/0.4333/0.3029 | LR: 0.000200
Epoch [14/100] | Loss: 2.5414 (Cls: 2.5414) | Train Acc: 0.2305 | Val Acc: 0.2308 | Val P/R/F1 (Macro): 0.1136/0.3333/0.1624 | LR: 0.000200
Epoch [15/100] | Loss: 2.3528 (Cls: 2.3528) | Train Acc: 0.3008 | Val Acc: 0.3077 | Val P/R/F1 (Macro): 0.3143/0.4500/0.3138 | LR: 0.000100
Epoch [16/100] | Loss: 2.2594 (Cls: 2.2594) | Train Acc: 0.3164 | Val Acc: 0.2692 | Val P/R/F1 (Macro): 0.2083/0.3667/0.2481 | LR: 0.000100
Epoch [17/100] | Loss: 2.2550 (Cls: 2.2550) | Train Acc: 0.3359 | Val Acc: 0.2692 | Val P/R/F1 (Macro): 0.1607/0.3667/0.2157 | LR: 0.000100
Epoch [18/100] | Loss: 2.0889 (Cls: 2.0889) | Train Acc: 0.3672 | Val Acc: 0.3077 | Val P/R/F1 (Macro): 0.3148/0.3333/0.2670 | LR: 0.000100
Epoch [19/100] | Loss: 2.0453 (Cls: 2.0453) | Train Acc: 0.3828 | Val Acc: 0.2692 | Val P/R/F1 (Macro): 0.1620/0.3667/0.2088 | LR: 0.000100
Epoch [20/100] | Loss: 2.1860 (Cls: 2.1860) | Train Acc: 0.4219 | Val Acc: 0.3077 | Val P/R/F1 (Macro): 0.4702/0.4375/0.3360 | LR: 0.000100
Epoch [21/100] | Loss: 2.0702 (Cls: 2.0702) | Train Acc: 0.3750 | Val Acc: 0.2692 | Val P/R/F1 (Macro): 0.2952/0.3542/0.2138 | LR: 0.000100
Epoch [22/100] | Loss: 1.9688 (Cls: 1.9688) | Train Acc: 0.4062 | Val Acc: 0.3462 | Val P/R/F1 (Macro): 0.3370/0.3958/0.2997 | LR: 0.000100
Epoch [23/100] | Loss: 2.0222 (Cls: 2.0222) | Train Acc: 0.4570 | Val Acc: 0.3846 | Val P/R/F1 (Macro): 0.3667/0.4167/0.3333 | LR: 0.000100
Epoch [24/100] | Loss: 1.9790 (Cls: 1.9790) | Train Acc: 0.4844 | Val Acc: 0.1923 | Val P/R/F1 (Macro): 0.0949/0.1667/0.1118 | LR: 0.000100
Epoch [25/100] | Loss: 1.8752 (Cls: 1.8752) | Train Acc: 0.5469 | Val Acc: 0.2692 | Val P/R/F1 (Macro): 0.2989/0.3542/0.2189 | LR: 0.000100
Epoch [26/100] | Loss: 2.0483 (Cls: 2.0483) | Train Acc: 0.5117 | Val Acc: 0.4615 | Val P/R/F1 (Macro): 0.5167/0.4833/0.4100 | LR: 0.000050
Epoch [27/100] | Loss: 1.9024 (Cls: 1.9024) | Train Acc: 0.4141 | Val Acc: 0.5000 | Val P/R/F1 (Macro): 0.5056/0.5042/0.4365 | LR: 0.000050
Epoch [28/100] | Loss: 1.8410 (Cls: 1.8410) | Train Acc: 0.4961 | Val Acc: 0.4231 | Val P/R/F1 (Macro): 0.5417/0.5000/0.4556 | LR: 0.000050
Epoch [29/100] | Loss: 1.7893 (Cls: 1.7893) | Train Acc: 0.5625 | Val Acc: 0.3846 | Val P/R/F1 (Macro): 0.5083/0.4792/0.4168 | LR: 0.000050
Epoch [30/100] | Loss: 1.8502 (Cls: 1.8502) | Train Acc: 0.5117 | Val Acc: 0.3077 | Val P/R/F1 (Macro): 0.3148/0.3750/0.2606 | LR: 0.000050
Epoch [31/100] | Loss: 1.7429 (Cls: 1.7429) | Train Acc: 0.5234 | Val Acc: 0.2308 | Val P/R/F1 (Macro): 0.1204/0.3333/0.1717 | LR: 0.000050
Epoch [32/100] | Loss: 1.7826 (Cls: 1.7826) | Train Acc: 0.5547 | Val Acc: 0.3846 | Val P/R/F1 (Macro): 0.3194/0.4167/0.3286 | LR: 0.000050
Epoch [33/100] | Loss: 1.8073 (Cls: 1.8073) | Train Acc: 0.5195 | Val Acc: 0.3077 | Val P/R/F1 (Macro): 0.3370/0.3750/0.2754 | LR: 0.000050
Epoch [34/100] | Loss: 1.8317 (Cls: 1.8317) | Train Acc: 0.5781 | Val Acc: 0.5000 | Val P/R/F1 (Macro): 0.7722/0.5792/0.5631 | LR: 0.000050
Epoch [35/100] | Loss: 1.7473 (Cls: 1.7473) | Train Acc: 0.6328 | Val Acc: 0.4615 | Val P/R/F1 (Macro): 0.7083/0.5333/0.5111 | LR: 0.000050
Epoch [36/100] | Loss: 1.7574 (Cls: 1.7574) | Train Acc: 0.5469 | Val Acc: 0.3846 | Val P/R/F1 (Macro): 0.3889/0.5667/0.4495 | LR: 0.000050
Epoch [37/100] | Loss: 1.7172 (Cls: 1.7172) | Train Acc: 0.6445 | Val Acc: 0.3846 | Val P/R/F1 (Macro): 0.3667/0.4167/0.3333 | LR: 0.000025
Epoch [38/100] | Loss: 1.7000 (Cls: 1.7000) | Train Acc: 0.6016 | Val Acc: 0.3077 | Val P/R/F1 (Macro): 0.3148/0.3750/0.2606 | LR: 0.000025
Epoch [39/100] | Loss: 1.6507 (Cls: 1.6507) | Train Acc: 0.7070 | Val Acc: 0.3462 | Val P/R/F1 (Macro): 0.3370/0.3958/0.2997 | LR: 0.000025
Epoch [40/100] | Loss: 1.6637 (Cls: 1.6637) | Train Acc: 0.6641 | Val Acc: 0.3846 | Val P/R/F1 (Macro): 0.3704/0.4167/0.3384 | LR: 0.000025
Epoch [41/100] | Loss: 1.6675 (Cls: 1.6675) | Train Acc: 0.5898 | Val Acc: 0.3846 | Val P/R/F1 (Macro): 0.3704/0.4167/0.3384 | LR: 0.000025
Epoch [42/100] | Loss: 1.6047 (Cls: 1.6047) | Train Acc: 0.7109 | Val Acc: 0.4615 | Val P/R/F1 (Macro): 0.5833/0.4833/0.4370 | LR: 0.000025
Epoch [43/100] | Loss: 1.6402 (Cls: 1.6402) | Train Acc: 0.6562 | Val Acc: 0.3846 | Val P/R/F1 (Macro): 0.3704/0.4167/0.3384 | LR: 0.000025
Epoch [44/100] | Loss: 1.6641 (Cls: 1.6641) | Train Acc: 0.6836 | Val Acc: 0.3846 | Val P/R/F1 (Macro): 0.3704/0.4167/0.3384 | LR: 0.000025
Epoch [45/100] | Loss: 1.6650 (Cls: 1.6650) | Train Acc: 0.6445 | Val Acc: 0.3846 | Val P/R/F1 (Macro): 0.3704/0.4167/0.3384 | LR: 0.000025
Epoch [46/100] | Loss: 1.6453 (Cls: 1.6453) | Train Acc: 0.7070 | Val Acc: 0.3077 | Val P/R/F1 (Macro): 0.3148/0.3750/0.2606 | LR: 0.000025
Epoch [47/100] | Loss: 1.6222 (Cls: 1.6222) | Train Acc: 0.6680 | Val Acc: 0.3077 | Val P/R/F1 (Macro): 0.4656/0.3875/0.2744 | LR: 0.000025
Epoch [48/100] | Loss: 1.5980 (Cls: 1.5980) | Train Acc: 0.6875 | Val Acc: 0.3462 | Val P/R/F1 (Macro): 0.4815/0.4083/0.3162 | LR: 0.000013
Epoch [49/100] | Loss: 1.5988 (Cls: 1.5988) | Train Acc: 0.7422 | Val Acc: 0.4231 | Val P/R/F1 (Macro): 0.5370/0.4500/0.3939 | LR: 0.000013
Epoch [50/100] | Loss: 1.6236 (Cls: 1.6236) | Train Acc: 0.7031 | Val Acc: 0.4615 | Val P/R/F1 (Macro): 0.7083/0.5333/0.5111 | LR: 0.000013
Epoch [51/100] | Loss: 1.6101 (Cls: 1.6101) | Train Acc: 0.7383 | Val Acc: 0.2692 | Val P/R/F1 (Macro): 0.2917/0.4167/0.2889 | LR: 0.000013
Epoch [52/100] | Loss: 1.5745 (Cls: 1.5745) | Train Acc: 0.7266 | Val Acc: 0.3462 | Val P/R/F1 (Macro): 0.4861/0.4583/0.3778 | LR: 0.000013
Epoch [53/100] | Loss: 1.5971 (Cls: 1.5971) | Train Acc: 0.7539 | Val Acc: 0.3846 | Val P/R/F1 (Macro): 0.3704/0.4167/0.3384 | LR: 0.000013
Epoch [54/100] | Loss: 1.5891 (Cls: 1.5891) | Train Acc: 0.7773 | Val Acc: 0.4231 | Val P/R/F1 (Macro): 0.4306/0.4500/0.3861 | LR: 0.000013
Epoch [55/100] | Loss: 1.5705 (Cls: 1.5705) | Train Acc: 0.7695 | Val Acc: 0.4615 | Val P/R/F1 (Macro): 0.4476/0.4833/0.4185 | LR: 0.000013
Epoch [56/100] | Loss: 1.5551 (Cls: 1.5551) | Train Acc: 0.7461 | Val Acc: 0.3846 | Val P/R/F1 (Macro): 0.5560/0.4917/0.4370 | LR: 0.000013
Epoch [57/100] | Loss: 1.6838 (Cls: 1.6838) | Train Acc: 0.7070 | Val Acc: 0.3077 | Val P/R/F1 (Macro): 0.3148/0.3750/0.2606 | LR: 0.000013
Epoch [58/100] | Loss: 1.5698 (Cls: 1.5698) | Train Acc: 0.7500 | Val Acc: 0.3462 | Val P/R/F1 (Macro): 0.3370/0.3958/0.2997 | LR: 0.000013
Epoch [59/100] | Loss: 1.5612 (Cls: 1.5612) | Train Acc: 0.7656 | Val Acc: 0.3846 | Val P/R/F1 (Macro): 0.3704/0.4167/0.3384 | LR: 0.000006
Epoch [60/100] | Loss: 1.5805 (Cls: 1.5805) | Train Acc: 0.7266 | Val Acc: 0.3462 | Val P/R/F1 (Macro): 0.3370/0.3958/0.2997 | LR: 0.000006
Epoch [61/100] | Loss: 1.5570 (Cls: 1.5570) | Train Acc: 0.7422 | Val Acc: 0.3462 | Val P/R/F1 (Macro): 0.3370/0.3958/0.2997 | LR: 0.000006
Epoch [62/100] | Loss: 1.5508 (Cls: 1.5508) | Train Acc: 0.7617 | Val Acc: 0.3462 | Val P/R/F1 (Macro): 0.3370/0.3958/0.2997 | LR: 0.000006
Epoch [63/100] | Loss: 1.5678 (Cls: 1.5678) | Train Acc: 0.7266 | Val Acc: 0.4615 | Val P/R/F1 (Macro): 0.7083/0.5333/0.5111 | LR: 0.000006
Epoch [64/100] | Loss: 1.6124 (Cls: 1.6124) | Train Acc: 0.7812 | Val Acc: 0.3462 | Val P/R/F1 (Macro): 0.3370/0.3958/0.2997 | LR: 0.000006
Epoch [65/100] | Loss: 1.5782 (Cls: 1.5782) | Train Acc: 0.7656 | Val Acc: 0.3462 | Val P/R/F1 (Macro): 0.3370/0.3958/0.2997 | LR: 0.000006
Epoch [66/100] | Loss: 1.5705 (Cls: 1.5705) | Train Acc: 0.7773 | Val Acc: 0.3846 | Val P/R/F1 (Macro): 0.3704/0.4167/0.3384 | LR: 0.000006
Epoch [67/100] | Loss: 1.5921 (Cls: 1.5921) | Train Acc: 0.7578 | Val Acc: 0.4231 | Val P/R/F1 (Macro): 0.5417/0.5000/0.4556 | LR: 0.000006
Epoch [68/100] | Loss: 1.5597 (Cls: 1.5597) | Train Acc: 0.7500 | Val Acc: 0.4231 | Val P/R/F1 (Macro): 0.5417/0.5000/0.4556 | LR: 0.000006
Epoch [69/100] | Loss: 1.6106 (Cls: 1.6106) | Train Acc: 0.7461 | Val Acc: 0.5000 | Val P/R/F1 (Macro): 0.6222/0.5667/0.5389 | LR: 0.000006
Epoch [70/100] | Loss: 1.5550 (Cls: 1.5550) | Train Acc: 0.7344 | Val Acc: 0.5000 | Val P/R/F1 (Macro): 0.6389/0.5667/0.5463 | LR: 0.000003
Epoch [71/100] | Loss: 1.6205 (Cls: 1.6205) | Train Acc: 0.7305 | Val Acc: 0.5385 | Val P/R/F1 (Macro): 0.7889/0.6000/0.5944 | LR: 0.000003
  >>> New Best Val Acc: 0.5385
Epoch [72/100] | Loss: 1.5610 (Cls: 1.5610) | Train Acc: 0.7422 | Val Acc: 0.5385 | Val P/R/F1 (Macro): 0.7889/0.6000/0.5944 | LR: 0.000003
Epoch [73/100] | Loss: 1.5638 (Cls: 1.5638) | Train Acc: 0.7422 | Val Acc: 0.4615 | Val P/R/F1 (Macro): 0.7083/0.5333/0.5111 | LR: 0.000003
Epoch [74/100] | Loss: 1.5960 (Cls: 1.5960) | Train Acc: 0.7188 | Val Acc: 0.3846 | Val P/R/F1 (Macro): 0.3704/0.4167/0.3384 | LR: 0.000003
Epoch [75/100] | Loss: 1.5650 (Cls: 1.5650) | Train Acc: 0.7578 | Val Acc: 0.3846 | Val P/R/F1 (Macro): 0.3704/0.4167/0.3384 | LR: 0.000003
Epoch [76/100] | Loss: 1.5515 (Cls: 1.5515) | Train Acc: 0.7734 | Val Acc: 0.3846 | Val P/R/F1 (Macro): 0.3704/0.4167/0.3384 | LR: 0.000003
Epoch [77/100] | Loss: 1.5864 (Cls: 1.5864) | Train Acc: 0.7539 | Val Acc: 0.4231 | Val P/R/F1 (Macro): 0.5370/0.4500/0.3939 | LR: 0.000003
Epoch [78/100] | Loss: 1.5655 (Cls: 1.5655) | Train Acc: 0.7578 | Val Acc: 0.3846 | Val P/R/F1 (Macro): 0.3704/0.4167/0.3384 | LR: 0.000003
Epoch [79/100] | Loss: 1.5545 (Cls: 1.5545) | Train Acc: 0.7461 | Val Acc: 0.3846 | Val P/R/F1 (Macro): 0.3704/0.4167/0.3384 | LR: 0.000003
Epoch [80/100] | Loss: 1.6745 (Cls: 1.6745) | Train Acc: 0.7461 | Val Acc: 0.4231 | Val P/R/F1 (Macro): 0.5370/0.4500/0.3939 | LR: 0.000003
Epoch [81/100] | Loss: 1.5480 (Cls: 1.5480) | Train Acc: 0.7773 | Val Acc: 0.3462 | Val P/R/F1 (Macro): 0.3370/0.3958/0.2997 | LR: 0.000003
Epoch [82/100] | Loss: 1.5622 (Cls: 1.5622) | Train Acc: 0.7148 | Val Acc: 0.4231 | Val P/R/F1 (Macro): 0.5417/0.5000/0.4556 | LR: 0.000002
Epoch [83/100] | Loss: 1.5550 (Cls: 1.5550) | Train Acc: 0.7734 | Val Acc: 0.4615 | Val P/R/F1 (Macro): 0.7083/0.5333/0.5111 | LR: 0.000002
Epoch [84/100] | Loss: 1.5623 (Cls: 1.5623) | Train Acc: 0.7383 | Val Acc: 0.4615 | Val P/R/F1 (Macro): 0.7083/0.5333/0.5111 | LR: 0.000002
Epoch [85/100] | Loss: 1.5805 (Cls: 1.5805) | Train Acc: 0.7695 | Val Acc: 0.5000 | Val P/R/F1 (Macro): 0.6389/0.5667/0.5463 | LR: 0.000002
Epoch [86/100] | Loss: 1.5217 (Cls: 1.5217) | Train Acc: 0.7773 | Val Acc: 0.5000 | Val P/R/F1 (Macro): 0.7698/0.5667/0.5602 | LR: 0.000002
Epoch [87/100] | Loss: 1.5561 (Cls: 1.5561) | Train Acc: 0.7617 | Val Acc: 0.5000 | Val P/R/F1 (Macro): 0.7698/0.5667/0.5602 | LR: 0.000002
Epoch [88/100] | Loss: 1.5375 (Cls: 1.5375) | Train Acc: 0.7461 | Val Acc: 0.4615 | Val P/R/F1 (Macro): 0.7083/0.5333/0.5111 | LR: 0.000002
Epoch [89/100] | Loss: 1.5423 (Cls: 1.5423) | Train Acc: 0.7578 | Val Acc: 0.4231 | Val P/R/F1 (Macro): 0.5417/0.5000/0.4556 | LR: 0.000002
Epoch [90/100] | Loss: 1.5249 (Cls: 1.5249) | Train Acc: 0.7617 | Val Acc: 0.4231 | Val P/R/F1 (Macro): 0.5370/0.4500/0.3939 | LR: 0.000002
Epoch [91/100] | Loss: 1.5588 (Cls: 1.5588) | Train Acc: 0.7656 | Val Acc: 0.4231 | Val P/R/F1 (Macro): 0.4583/0.4500/0.3921 | LR: 0.000002
Epoch [92/100] | Loss: 1.5524 (Cls: 1.5524) | Train Acc: 0.7812 | Val Acc: 0.4615 | Val P/R/F1 (Macro): 0.6032/0.5333/0.5046 | LR: 0.000002
Epoch [93/100] | Loss: 1.5321 (Cls: 1.5321) | Train Acc: 0.7930 | Val Acc: 0.4615 | Val P/R/F1 (Macro): 0.4921/0.4833/0.4352 | LR: 0.000001
Epoch [94/100] | Loss: 1.5635 (Cls: 1.5635) | Train Acc: 0.7305 | Val Acc: 0.4615 | Val P/R/F1 (Macro): 0.6032/0.5333/0.5046 | LR: 0.000001
Epoch [95/100] | Loss: 1.5526 (Cls: 1.5526) | Train Acc: 0.8086 | Val Acc: 0.3846 | Val P/R/F1 (Macro): 0.3704/0.4167/0.3384 | LR: 0.000001
Epoch [96/100] | Loss: 1.5555 (Cls: 1.5555) | Train Acc: 0.7109 | Val Acc: 0.4615 | Val P/R/F1 (Macro): 0.6032/0.5333/0.5046 | LR: 0.000001
Epoch [97/100] | Loss: 1.5283 (Cls: 1.5283) | Train Acc: 0.8203 | Val Acc: 0.4615 | Val P/R/F1 (Macro): 0.7083/0.5333/0.5111 | LR: 0.000001
Epoch [98/100] | Loss: 1.6080 (Cls: 1.6080) | Train Acc: 0.7500 | Val Acc: 0.4615 | Val P/R/F1 (Macro): 0.4643/0.4833/0.4259 | LR: 0.000001
Epoch [99/100] | Loss: 1.5474 (Cls: 1.5474) | Train Acc: 0.8047 | Val Acc: 0.4615 | Val P/R/F1 (Macro): 0.6032/0.5333/0.5046 | LR: 0.000001
Epoch [100/100] | Loss: 1.5473 (Cls: 1.5473) | Train Acc: 0.7656 | Val Acc: 0.5000 | Val P/R/F1 (Macro): 0.6389/0.5667/0.5463 | LR: 0.000001
Report strategy: best, window=10, reported_acc=0.5385, best_acc=0.5385

迭代 4 报告指标:
  Accuracy: 0.5385
  Precision (Macro): 0.7889
  Recall (Macro): 0.6000
  F1 (Macro): 0.5944
  Precision (Micro): 0.5385
  Recall (Micro): 0.5385
  F1 (Micro): 0.5385
  Val class coverage: 6/14 (0.4286), samples=26

================================================================================
迭代 5/5
随机种子: 46
================================================================================
Training mode: unpaired target adaptation with controlled target-label loss (ratio=1.00, weight=2.10).
Fixed labeled target subset: 96/96 samples.
Epoch [1/100] | Loss: 5.3261 (Cls: 5.3261) | Train Acc: 0.1211 | Val Acc: 0.0769 | Val P/R/F1 (Macro): 0.0128/0.1667/0.0238 | LR: 0.000200
  >>> New Best Val Acc: 0.0769
Epoch [2/100] | Loss: 4.1240 (Cls: 4.1240) | Train Acc: 0.0859 | Val Acc: 0.0769 | Val P/R/F1 (Macro): 0.0278/0.1667/0.0476 | LR: 0.000200
Epoch [3/100] | Loss: 3.6220 (Cls: 3.6220) | Train Acc: 0.1172 | Val Acc: 0.0769 | Val P/R/F1 (Macro): 0.0303/0.1667/0.0513 | LR: 0.000200
Epoch [4/100] | Loss: 3.4698 (Cls: 3.4698) | Train Acc: 0.1367 | Val Acc: 0.3846 | Val P/R/F1 (Macro): 0.3583/0.5667/0.3683 | LR: 0.000200
  >>> New Best Val Acc: 0.3846
Epoch [5/100] | Loss: 3.1444 (Cls: 3.1444) | Train Acc: 0.1211 | Val Acc: 0.6154 | Val P/R/F1 (Macro): 0.5952/0.6417/0.5497 | LR: 0.000200
  >>> New Best Val Acc: 0.6154
Epoch [6/100] | Loss: 3.1547 (Cls: 3.1547) | Train Acc: 0.1289 | Val Acc: 0.3846 | Val P/R/F1 (Macro): 0.4333/0.5167/0.3869 | LR: 0.000200
Epoch [7/100] | Loss: 2.6057 (Cls: 2.6057) | Train Acc: 0.1328 | Val Acc: 0.4231 | Val P/R/F1 (Macro): 0.4813/0.5750/0.4280 | LR: 0.000200
Epoch [8/100] | Loss: 2.9111 (Cls: 2.9111) | Train Acc: 0.1641 | Val Acc: 0.5000 | Val P/R/F1 (Macro): 0.4857/0.5417/0.4278 | LR: 0.000200
Epoch [9/100] | Loss: 2.9981 (Cls: 2.9981) | Train Acc: 0.1914 | Val Acc: 0.3462 | Val P/R/F1 (Macro): 0.3417/0.5333/0.3127 | LR: 0.000200
Epoch [10/100] | Loss: 2.6832 (Cls: 2.6832) | Train Acc: 0.1914 | Val Acc: 0.3077 | Val P/R/F1 (Macro): 0.3066/0.4000/0.2556 | LR: 0.000200
Epoch [11/100] | Loss: 2.5056 (Cls: 2.5056) | Train Acc: 0.2070 | Val Acc: 0.3077 | Val P/R/F1 (Macro): 0.3027/0.4000/0.2488 | LR: 0.000200
Epoch [12/100] | Loss: 2.4192 (Cls: 2.4192) | Train Acc: 0.2148 | Val Acc: 0.3077 | Val P/R/F1 (Macro): 0.5208/0.3083/0.3361 | LR: 0.000200
Epoch [13/100] | Loss: 2.3817 (Cls: 2.3817) | Train Acc: 0.2695 | Val Acc: 0.3462 | Val P/R/F1 (Macro): 0.4583/0.5333/0.4000 | LR: 0.000200
Epoch [14/100] | Loss: 2.3931 (Cls: 2.3931) | Train Acc: 0.2227 | Val Acc: 0.5000 | Val P/R/F1 (Macro): 0.6481/0.6167/0.5447 | LR: 0.000200
Epoch [15/100] | Loss: 2.2794 (Cls: 2.2794) | Train Acc: 0.2539 | Val Acc: 0.3462 | Val P/R/F1 (Macro): 0.4907/0.4833/0.3729 | LR: 0.000200
Epoch [16/100] | Loss: 2.1776 (Cls: 2.1776) | Train Acc: 0.2812 | Val Acc: 0.5385 | Val P/R/F1 (Macro): 0.6546/0.6875/0.6011 | LR: 0.000100
Epoch [17/100] | Loss: 2.2676 (Cls: 2.2676) | Train Acc: 0.3242 | Val Acc: 0.4615 | Val P/R/F1 (Macro): 0.6323/0.5333/0.4828 | LR: 0.000100
Epoch [18/100] | Loss: 2.0565 (Cls: 2.0565) | Train Acc: 0.3203 | Val Acc: 0.2308 | Val P/R/F1 (Macro): 0.1167/0.3333/0.1667 | LR: 0.000100
Epoch [19/100] | Loss: 2.1286 (Cls: 2.1286) | Train Acc: 0.4336 | Val Acc: 0.3077 | Val P/R/F1 (Macro): 0.4537/0.4500/0.3384 | LR: 0.000100
Epoch [20/100] | Loss: 1.9970 (Cls: 1.9970) | Train Acc: 0.3672 | Val Acc: 0.2692 | Val P/R/F1 (Macro): 0.2870/0.2833/0.1995 | LR: 0.000100
Epoch [21/100] | Loss: 1.9910 (Cls: 1.9910) | Train Acc: 0.3516 | Val Acc: 0.2308 | Val P/R/F1 (Macro): 0.1167/0.3333/0.1667 | LR: 0.000100
Epoch [22/100] | Loss: 2.0980 (Cls: 2.0980) | Train Acc: 0.3555 | Val Acc: 0.3846 | Val P/R/F1 (Macro): 0.3750/0.5417/0.4143 | LR: 0.000100
Epoch [23/100] | Loss: 1.8785 (Cls: 1.8785) | Train Acc: 0.3867 | Val Acc: 0.3077 | Val P/R/F1 (Macro): 0.2778/0.3750/0.2643 | LR: 0.000100
Epoch [24/100] | Loss: 1.9447 (Cls: 1.9447) | Train Acc: 0.4570 | Val Acc: 0.4615 | Val P/R/F1 (Macro): 0.5238/0.4833/0.4286 | LR: 0.000100
Epoch [25/100] | Loss: 1.9652 (Cls: 1.9652) | Train Acc: 0.4102 | Val Acc: 0.3077 | Val P/R/F1 (Macro): 0.3250/0.4000/0.2667 | LR: 0.000100
Epoch [26/100] | Loss: 1.8243 (Cls: 1.8243) | Train Acc: 0.4102 | Val Acc: 0.4615 | Val P/R/F1 (Macro): 0.3417/0.4833/0.3722 | LR: 0.000100
Epoch [27/100] | Loss: 1.9479 (Cls: 1.9479) | Train Acc: 0.4453 | Val Acc: 0.4231 | Val P/R/F1 (Macro): 0.4861/0.5000/0.4397 | LR: 0.000050
Epoch [28/100] | Loss: 1.8475 (Cls: 1.8475) | Train Acc: 0.5273 | Val Acc: 0.4231 | Val P/R/F1 (Macro): 0.4815/0.4500/0.3781 | LR: 0.000050
Epoch [29/100] | Loss: 1.8125 (Cls: 1.8125) | Train Acc: 0.5039 | Val Acc: 0.3077 | Val P/R/F1 (Macro): 0.3083/0.3167/0.2296 | LR: 0.000050
Epoch [30/100] | Loss: 1.7534 (Cls: 1.7534) | Train Acc: 0.5039 | Val Acc: 0.5000 | Val P/R/F1 (Macro): 0.6651/0.5667/0.5194 | LR: 0.000050
Epoch [31/100] | Loss: 1.8178 (Cls: 1.8178) | Train Acc: 0.5312 | Val Acc: 0.3462 | Val P/R/F1 (Macro): 0.2537/0.3958/0.2802 | LR: 0.000050
Epoch [32/100] | Loss: 1.7616 (Cls: 1.7616) | Train Acc: 0.5078 | Val Acc: 0.3846 | Val P/R/F1 (Macro): 0.2952/0.4167/0.3111 | LR: 0.000050
Epoch [33/100] | Loss: 1.7353 (Cls: 1.7353) | Train Acc: 0.5586 | Val Acc: 0.2692 | Val P/R/F1 (Macro): 0.2870/0.3667/0.2273 | LR: 0.000050
Epoch [34/100] | Loss: 1.7491 (Cls: 1.7491) | Train Acc: 0.6055 | Val Acc: 0.3846 | Val P/R/F1 (Macro): 0.4206/0.4917/0.3957 | LR: 0.000050
Epoch [35/100] | Loss: 1.7370 (Cls: 1.7370) | Train Acc: 0.5742 | Val Acc: 0.3462 | Val P/R/F1 (Macro): 0.2159/0.3958/0.2556 | LR: 0.000050
Epoch [36/100] | Loss: 1.7163 (Cls: 1.7163) | Train Acc: 0.5352 | Val Acc: 0.2692 | Val P/R/F1 (Macro): 0.1356/0.2833/0.1702 | LR: 0.000050
Epoch [37/100] | Loss: 1.7637 (Cls: 1.7637) | Train Acc: 0.6016 | Val Acc: 0.5000 | Val P/R/F1 (Macro): 0.5093/0.5042/0.4240 | LR: 0.000050
Epoch [38/100] | Loss: 1.6941 (Cls: 1.6941) | Train Acc: 0.6172 | Val Acc: 0.5000 | Val P/R/F1 (Macro): 0.5152/0.5542/0.4869 | LR: 0.000025
Epoch [39/100] | Loss: 1.6459 (Cls: 1.6459) | Train Acc: 0.6680 | Val Acc: 0.3846 | Val P/R/F1 (Macro): 0.2537/0.4167/0.2921 | LR: 0.000025
Epoch [40/100] | Loss: 1.6435 (Cls: 1.6435) | Train Acc: 0.6133 | Val Acc: 0.3846 | Val P/R/F1 (Macro): 0.2798/0.4292/0.3148 | LR: 0.000025
Epoch [41/100] | Loss: 1.6504 (Cls: 1.6504) | Train Acc: 0.6094 | Val Acc: 0.4231 | Val P/R/F1 (Macro): 0.3000/0.4500/0.3352 | LR: 0.000025
Epoch [42/100] | Loss: 1.6328 (Cls: 1.6328) | Train Acc: 0.6523 | Val Acc: 0.4615 | Val P/R/F1 (Macro): 0.4726/0.5333/0.4537 | LR: 0.000025
Epoch [43/100] | Loss: 1.5993 (Cls: 1.5993) | Train Acc: 0.7031 | Val Acc: 0.4615 | Val P/R/F1 (Macro): 0.4726/0.5333/0.4537 | LR: 0.000025
Epoch [44/100] | Loss: 1.6788 (Cls: 1.6788) | Train Acc: 0.6328 | Val Acc: 0.5000 | Val P/R/F1 (Macro): 0.5268/0.5542/0.4931 | LR: 0.000025
Epoch [45/100] | Loss: 1.6007 (Cls: 1.6007) | Train Acc: 0.7070 | Val Acc: 0.4231 | Val P/R/F1 (Macro): 0.2976/0.4375/0.3333 | LR: 0.000025
Epoch [46/100] | Loss: 1.5967 (Cls: 1.5967) | Train Acc: 0.7148 | Val Acc: 0.4231 | Val P/R/F1 (Macro): 0.2963/0.4375/0.3253 | LR: 0.000025
Epoch [47/100] | Loss: 1.6118 (Cls: 1.6118) | Train Acc: 0.6797 | Val Acc: 0.3846 | Val P/R/F1 (Macro): 0.2500/0.4167/0.2870 | LR: 0.000025
Epoch [48/100] | Loss: 1.6457 (Cls: 1.6457) | Train Acc: 0.6562 | Val Acc: 0.3846 | Val P/R/F1 (Macro): 0.2537/0.4167/0.2921 | LR: 0.000025
Epoch [49/100] | Loss: 1.5808 (Cls: 1.5808) | Train Acc: 0.7148 | Val Acc: 0.5000 | Val P/R/F1 (Macro): 0.6429/0.5667/0.5046 | LR: 0.000013
Epoch [50/100] | Loss: 1.5958 (Cls: 1.5958) | Train Acc: 0.6953 | Val Acc: 0.5000 | Val P/R/F1 (Macro): 0.5152/0.5542/0.4869 | LR: 0.000013
Epoch [51/100] | Loss: 1.5965 (Cls: 1.5965) | Train Acc: 0.6953 | Val Acc: 0.5000 | Val P/R/F1 (Macro): 0.5152/0.5542/0.4869 | LR: 0.000013
Epoch [52/100] | Loss: 1.5746 (Cls: 1.5746) | Train Acc: 0.7031 | Val Acc: 0.4231 | Val P/R/F1 (Macro): 0.2630/0.4375/0.3068 | LR: 0.000013
Epoch [53/100] | Loss: 1.6166 (Cls: 1.6166) | Train Acc: 0.6914 | Val Acc: 0.4615 | Val P/R/F1 (Macro): 0.4865/0.5333/0.4583 | LR: 0.000013
Epoch [54/100] | Loss: 1.5696 (Cls: 1.5696) | Train Acc: 0.7227 | Val Acc: 0.4231 | Val P/R/F1 (Macro): 0.3093/0.4500/0.3338 | LR: 0.000013
Epoch [55/100] | Loss: 1.5953 (Cls: 1.5953) | Train Acc: 0.7031 | Val Acc: 0.4231 | Val P/R/F1 (Macro): 0.4204/0.5000/0.4032 | LR: 0.000013
Epoch [56/100] | Loss: 1.5593 (Cls: 1.5593) | Train Acc: 0.7422 | Val Acc: 0.4615 | Val P/R/F1 (Macro): 0.4676/0.5208/0.4425 | LR: 0.000013
Epoch [57/100] | Loss: 1.6166 (Cls: 1.6166) | Train Acc: 0.6875 | Val Acc: 0.4231 | Val P/R/F1 (Macro): 0.4028/0.5000/0.3944 | LR: 0.000013
Epoch [58/100] | Loss: 1.5860 (Cls: 1.5860) | Train Acc: 0.7227 | Val Acc: 0.4615 | Val P/R/F1 (Macro): 0.4865/0.5333/0.4583 | LR: 0.000013
Epoch [59/100] | Loss: 1.5488 (Cls: 1.5488) | Train Acc: 0.7852 | Val Acc: 0.4615 | Val P/R/F1 (Macro): 0.4676/0.5208/0.4425 | LR: 0.000013
Epoch [60/100] | Loss: 1.5729 (Cls: 1.5729) | Train Acc: 0.7109 | Val Acc: 0.4231 | Val P/R/F1 (Macro): 0.2963/0.4375/0.3253 | LR: 0.000006
Epoch [61/100] | Loss: 1.5752 (Cls: 1.5752) | Train Acc: 0.7070 | Val Acc: 0.4615 | Val P/R/F1 (Macro): 0.3519/0.4708/0.3670 | LR: 0.000006
Epoch [62/100] | Loss: 1.5792 (Cls: 1.5792) | Train Acc: 0.7344 | Val Acc: 0.4615 | Val P/R/F1 (Macro): 0.3519/0.4708/0.3670 | LR: 0.000006
Epoch [63/100] | Loss: 1.5603 (Cls: 1.5603) | Train Acc: 0.7266 | Val Acc: 0.5000 | Val P/R/F1 (Macro): 0.5231/0.5542/0.4842 | LR: 0.000006
Epoch [64/100] | Loss: 1.5668 (Cls: 1.5668) | Train Acc: 0.7578 | Val Acc: 0.5000 | Val P/R/F1 (Macro): 0.5231/0.5542/0.4842 | LR: 0.000006
Epoch [65/100] | Loss: 1.5385 (Cls: 1.5385) | Train Acc: 0.7734 | Val Acc: 0.5000 | Val P/R/F1 (Macro): 0.6591/0.5667/0.5120 | LR: 0.000006
Epoch [66/100] | Loss: 1.5459 (Cls: 1.5459) | Train Acc: 0.8203 | Val Acc: 0.5000 | Val P/R/F1 (Macro): 0.5152/0.5542/0.4869 | LR: 0.000006
Epoch [67/100] | Loss: 1.5529 (Cls: 1.5529) | Train Acc: 0.7617 | Val Acc: 0.4615 | Val P/R/F1 (Macro): 0.4726/0.5333/0.4537 | LR: 0.000006
Epoch [68/100] | Loss: 1.5875 (Cls: 1.5875) | Train Acc: 0.7344 | Val Acc: 0.4615 | Val P/R/F1 (Macro): 0.4630/0.5208/0.4364 | LR: 0.000006
Epoch [69/100] | Loss: 1.5703 (Cls: 1.5703) | Train Acc: 0.7422 | Val Acc: 0.4615 | Val P/R/F1 (Macro): 0.4343/0.5208/0.4240 | LR: 0.000006
Epoch [70/100] | Loss: 1.5578 (Cls: 1.5578) | Train Acc: 0.7148 | Val Acc: 0.5000 | Val P/R/F1 (Macro): 0.4958/0.5542/0.4730 | LR: 0.000006
Epoch [71/100] | Loss: 1.5450 (Cls: 1.5450) | Train Acc: 0.7812 | Val Acc: 0.5000 | Val P/R/F1 (Macro): 0.5152/0.5542/0.4869 | LR: 0.000003
Epoch [72/100] | Loss: 1.5398 (Cls: 1.5398) | Train Acc: 0.7656 | Val Acc: 0.5000 | Val P/R/F1 (Macro): 0.5152/0.5542/0.4869 | LR: 0.000003
Epoch [73/100] | Loss: 1.5618 (Cls: 1.5618) | Train Acc: 0.7266 | Val Acc: 0.4615 | Val P/R/F1 (Macro): 0.3519/0.4708/0.3670 | LR: 0.000003
Epoch [74/100] | Loss: 1.5470 (Cls: 1.5470) | Train Acc: 0.7188 | Val Acc: 0.4231 | Val P/R/F1 (Macro): 0.4204/0.5000/0.4032 | LR: 0.000003
Epoch [75/100] | Loss: 1.5348 (Cls: 1.5348) | Train Acc: 0.7539 | Val Acc: 0.5000 | Val P/R/F1 (Macro): 0.6412/0.5542/0.4981 | LR: 0.000003
Epoch [76/100] | Loss: 1.5272 (Cls: 1.5272) | Train Acc: 0.7773 | Val Acc: 0.5385 | Val P/R/F1 (Macro): 0.7014/0.5875/0.5458 | LR: 0.000003
Epoch [77/100] | Loss: 1.5532 (Cls: 1.5532) | Train Acc: 0.7891 | Val Acc: 0.5385 | Val P/R/F1 (Macro): 0.7014/0.5875/0.5458 | LR: 0.000003
Epoch [78/100] | Loss: 1.5660 (Cls: 1.5660) | Train Acc: 0.7461 | Val Acc: 0.5000 | Val P/R/F1 (Macro): 0.5231/0.5542/0.4842 | LR: 0.000003
Epoch [79/100] | Loss: 1.5229 (Cls: 1.5229) | Train Acc: 0.7695 | Val Acc: 0.5000 | Val P/R/F1 (Macro): 0.5231/0.5542/0.4842 | LR: 0.000003
Epoch [80/100] | Loss: 1.5320 (Cls: 1.5320) | Train Acc: 0.7383 | Val Acc: 0.5385 | Val P/R/F1 (Macro): 0.7014/0.5875/0.5458 | LR: 0.000003
Epoch [81/100] | Loss: 1.5376 (Cls: 1.5376) | Train Acc: 0.7812 | Val Acc: 0.4615 | Val P/R/F1 (Macro): 0.4806/0.5333/0.4509 | LR: 0.000003
Epoch [82/100] | Loss: 1.5371 (Cls: 1.5371) | Train Acc: 0.7734 | Val Acc: 0.5000 | Val P/R/F1 (Macro): 0.5231/0.5542/0.4842 | LR: 0.000002
Epoch [83/100] | Loss: 1.5739 (Cls: 1.5739) | Train Acc: 0.7422 | Val Acc: 0.5385 | Val P/R/F1 (Macro): 0.6740/0.5875/0.5347 | LR: 0.000002
Epoch [84/100] | Loss: 1.5566 (Cls: 1.5566) | Train Acc: 0.7617 | Val Acc: 0.4615 | Val P/R/F1 (Macro): 0.4806/0.5333/0.4509 | LR: 0.000002
Epoch [85/100] | Loss: 1.5379 (Cls: 1.5379) | Train Acc: 0.7930 | Val Acc: 0.4615 | Val P/R/F1 (Macro): 0.4806/0.5333/0.4509 | LR: 0.000002
Epoch [86/100] | Loss: 1.5302 (Cls: 1.5302) | Train Acc: 0.7930 | Val Acc: 0.4615 | Val P/R/F1 (Macro): 0.4806/0.5333/0.4509 | LR: 0.000002
Epoch [87/100] | Loss: 1.5382 (Cls: 1.5382) | Train Acc: 0.7656 | Val Acc: 0.5000 | Val P/R/F1 (Macro): 0.5231/0.5542/0.4842 | LR: 0.000002
Epoch [88/100] | Loss: 1.5164 (Cls: 1.5164) | Train Acc: 0.7930 | Val Acc: 0.4615 | Val P/R/F1 (Macro): 0.4806/0.5333/0.4509 | LR: 0.000002
Epoch [89/100] | Loss: 1.5482 (Cls: 1.5482) | Train Acc: 0.7656 | Val Acc: 0.4615 | Val P/R/F1 (Macro): 0.4806/0.5333/0.4509 | LR: 0.000002
Epoch [90/100] | Loss: 1.5456 (Cls: 1.5456) | Train Acc: 0.7578 | Val Acc: 0.4615 | Val P/R/F1 (Macro): 0.4806/0.5333/0.4509 | LR: 0.000002
Epoch [91/100] | Loss: 1.5439 (Cls: 1.5439) | Train Acc: 0.7422 | Val Acc: 0.5000 | Val P/R/F1 (Macro): 0.5231/0.5542/0.4842 | LR: 0.000002
Epoch [92/100] | Loss: 1.5205 (Cls: 1.5205) | Train Acc: 0.8164 | Val Acc: 0.4615 | Val P/R/F1 (Macro): 0.4806/0.5333/0.4509 | LR: 0.000002
Epoch [93/100] | Loss: 1.5018 (Cls: 1.5018) | Train Acc: 0.8008 | Val Acc: 0.4615 | Val P/R/F1 (Macro): 0.4806/0.5333/0.4509 | LR: 0.000001
Epoch [94/100] | Loss: 1.5181 (Cls: 1.5181) | Train Acc: 0.7969 | Val Acc: 0.4615 | Val P/R/F1 (Macro): 0.4643/0.5333/0.4435 | LR: 0.000001
Epoch [95/100] | Loss: 1.5115 (Cls: 1.5115) | Train Acc: 0.7891 | Val Acc: 0.5000 | Val P/R/F1 (Macro): 0.5231/0.5542/0.4842 | LR: 0.000001
Epoch [96/100] | Loss: 1.5451 (Cls: 1.5451) | Train Acc: 0.7695 | Val Acc: 0.5000 | Val P/R/F1 (Macro): 0.5231/0.5542/0.4842 | LR: 0.000001
Epoch [97/100] | Loss: 1.5266 (Cls: 1.5266) | Train Acc: 0.7539 | Val Acc: 0.5000 | Val P/R/F1 (Macro): 0.5231/0.5542/0.4842 | LR: 0.000001
Epoch [98/100] | Loss: 1.5431 (Cls: 1.5431) | Train Acc: 0.7852 | Val Acc: 0.5000 | Val P/R/F1 (Macro): 0.5231/0.5542/0.4842 | LR: 0.000001
Epoch [99/100] | Loss: 1.5192 (Cls: 1.5192) | Train Acc: 0.8008 | Val Acc: 0.5000 | Val P/R/F1 (Macro): 0.5231/0.5542/0.4842 | LR: 0.000001
Epoch [100/100] | Loss: 1.5229 (Cls: 1.5229) | Train Acc: 0.7852 | Val Acc: 0.4615 | Val P/R/F1 (Macro): 0.4630/0.5208/0.4364 | LR: 0.000001
Report strategy: best, window=10, reported_acc=0.6154, best_acc=0.6154

迭代 5 报告指标:
  Accuracy: 0.6154
  Precision (Macro): 0.5952
  Recall (Macro): 0.6417
  F1 (Macro): 0.5497
  Precision (Micro): 0.6154
  Recall (Micro): 0.6154
  F1 (Micro): 0.6154
  Val class coverage: 6/14 (0.4286), samples=26

================================================================================
5次迭代统计结果
================================================================================

accuracy:
  各迭代值: ['0.7308', '0.6154', '0.5385', '0.5385', '0.6154']
  均值 (Mean): 0.6077
  标准差 (Std): 0.0705

precision_macro:
  各迭代值: ['0.7444', '0.7778', '0.7226', '0.7889', '0.5952']
  均值 (Mean): 0.7258
  标准差 (Std): 0.0694

recall_macro:
  各迭代值: ['0.8167', '0.6792', '0.6000', '0.6000', '0.6417']
  均值 (Mean): 0.6675
  标准差 (Std): 0.0802

f1_macro:
  各迭代值: ['0.7460', '0.6492', '0.5867', '0.5944', '0.5497']
  均值 (Mean): 0.6252
  标准差 (Std): 0.0682

precision_micro:
  各迭代值: ['0.7308', '0.6154', '0.5385', '0.5385', '0.6154']
  均值 (Mean): 0.6077
  标准差 (Std): 0.0705

recall_micro:
  各迭代值: ['0.7308', '0.6154', '0.5385', '0.5385', '0.6154']
  均值 (Mean): 0.6077
  标准差 (Std): 0.0705

f1_micro:
  各迭代值: ['0.7308', '0.6154', '0.5385', '0.5385', '0.6154']
  均值 (Mean): 0.6077
  标准差 (Std): 0.0705

val_class_coverage:
  各迭代值: ['0.4286', '0.4286', '0.4286', '0.4286', '0.4286']
  均值 (Mean): 0.4286
  标准差 (Std): 0.0000

val_present_classes:
  各迭代值: ['6.0000', '6.0000', '6.0000', '6.0000', '6.0000']
  均值 (Mean): 6.0000
  标准差 (Std): 0.0000

val_total_classes:
  各迭代值: ['14.0000', '14.0000', '14.0000', '14.0000', '14.0000']
  均值 (Mean): 14.0000
  标准差 (Std): 0.0000

val_samples:
  各迭代值: ['26.0000', '26.0000', '26.0000', '26.0000', '26.0000']
  均值 (Mean): 26.0000
  标准差 (Std): 0.0000

训练结束时间: 2026-08-05 21:43:05
================================================================================
